Archive member included to satisfy reference by file (symbol)

c:/program files (x86)/atmel/studio/7.0/toolchain/avr8/avr8-gnu-toolchain/bin/../lib/gcc/avr/4.9.2/../../../../avr/lib/avr5\libm.a(fixunssfsi.o)
                              main.o (__fixunssfsi)
c:/program files (x86)/atmel/studio/7.0/toolchain/avr8/avr8-gnu-toolchain/bin/../lib/gcc/avr/4.9.2/../../../../avr/lib/avr5\libm.a(floatsisf.o)
                              main.o (__floatunsisf)
c:/program files (x86)/atmel/studio/7.0/toolchain/avr8/avr8-gnu-toolchain/bin/../lib/gcc/avr/4.9.2/../../../../avr/lib/avr5\libm.a(fp_split3.o)
                              c:/program files (x86)/atmel/studio/7.0/toolchain/avr8/avr8-gnu-toolchain/bin/../lib/gcc/avr/4.9.2/../../../../avr/lib/avr5\libm.a(fixunssfsi.o) (__fp_splitA)
c:/program files (x86)/atmel/studio/7.0/toolchain/avr8/avr8-gnu-toolchain/bin/../lib/gcc/avr/4.9.2/../../../../avr/lib/avr5\libm.a(fp_zero.o)
                              c:/program files (x86)/atmel/studio/7.0/toolchain/avr8/avr8-gnu-toolchain/bin/../lib/gcc/avr/4.9.2/../../../../avr/lib/avr5\libm.a(fixunssfsi.o) (__fp_zero)
c:/program files (x86)/atmel/studio/7.0/toolchain/avr8/avr8-gnu-toolchain/bin/../lib/gcc/avr/4.9.2/../../../../avr/lib/avr5\libm.a(mulsf3.o)
                              main.o (__mulsf3)
c:/program files (x86)/atmel/studio/7.0/toolchain/avr8/avr8-gnu-toolchain/bin/../lib/gcc/avr/4.9.2/../../../../avr/lib/avr5\libm.a(mulsf3x.o)
                              c:/program files (x86)/atmel/studio/7.0/toolchain/avr8/avr8-gnu-toolchain/bin/../lib/gcc/avr/4.9.2/../../../../avr/lib/avr5\libm.a(mulsf3.o) (__mulsf3x)
c:/program files (x86)/atmel/studio/7.0/toolchain/avr8/avr8-gnu-toolchain/bin/../lib/gcc/avr/4.9.2/../../../../avr/lib/avr5\libm.a(fp_inf.o)
                              c:/program files (x86)/atmel/studio/7.0/toolchain/avr8/avr8-gnu-toolchain/bin/../lib/gcc/avr/4.9.2/../../../../avr/lib/avr5\libm.a(mulsf3x.o) (__fp_inf)
c:/program files (x86)/atmel/studio/7.0/toolchain/avr8/avr8-gnu-toolchain/bin/../lib/gcc/avr/4.9.2/../../../../avr/lib/avr5\libm.a(fp_nan.o)
                              c:/program files (x86)/atmel/studio/7.0/toolchain/avr8/avr8-gnu-toolchain/bin/../lib/gcc/avr/4.9.2/../../../../avr/lib/avr5\libm.a(mulsf3x.o) (__fp_nan)
c:/program files (x86)/atmel/studio/7.0/toolchain/avr8/avr8-gnu-toolchain/bin/../lib/gcc/avr/4.9.2/../../../../avr/lib/avr5\libm.a(fp_pscA.o)
                              c:/program files (x86)/atmel/studio/7.0/toolchain/avr8/avr8-gnu-toolchain/bin/../lib/gcc/avr/4.9.2/../../../../avr/lib/avr5\libm.a(mulsf3x.o) (__fp_pscA)
c:/program files (x86)/atmel/studio/7.0/toolchain/avr8/avr8-gnu-toolchain/bin/../lib/gcc/avr/4.9.2/../../../../avr/lib/avr5\libm.a(fp_pscB.o)
                              c:/program files (x86)/atmel/studio/7.0/toolchain/avr8/avr8-gnu-toolchain/bin/../lib/gcc/avr/4.9.2/../../../../avr/lib/avr5\libm.a(mulsf3x.o) (__fp_pscB)
c:/program files (x86)/atmel/studio/7.0/toolchain/avr8/avr8-gnu-toolchain/bin/../lib/gcc/avr/4.9.2/../../../../avr/lib/avr5\libm.a(fp_round.o)
                              c:/program files (x86)/atmel/studio/7.0/toolchain/avr8/avr8-gnu-toolchain/bin/../lib/gcc/avr/4.9.2/../../../../avr/lib/avr5\libm.a(mulsf3.o) (__fp_round)
c:/program files (x86)/atmel/studio/7.0/toolchain/avr8/avr8-gnu-toolchain/bin/../lib/gcc/avr/4.9.2/avr5\libgcc.a(_exit.o)
                              C:/Program Files (x86)/Atmel/Studio/7.0/Packs/Atmel/ATmega_DFP/1.0.98/gcc/dev/atmega644p/avr5/crtatmega644p.o (exit)
c:/program files (x86)/atmel/studio/7.0/toolchain/avr8/avr8-gnu-toolchain/bin/../lib/gcc/avr/4.9.2/avr5\libgcc.a(_tablejump2.o)
                              inc/uart_tri_0.o (__tablejump2__)
c:/program files (x86)/atmel/studio/7.0/toolchain/avr8/avr8-gnu-toolchain/bin/../lib/gcc/avr/4.9.2/avr5\libgcc.a(_copy_data.o)
                              inc/graphic.o (__do_copy_data)
c:/program files (x86)/atmel/studio/7.0/toolchain/avr8/avr8-gnu-toolchain/bin/../lib/gcc/avr/4.9.2/avr5\libgcc.a(_clear_bss.o)
                              inc/adc.o (__do_clear_bss)
c:/program files (x86)/atmel/studio/7.0/toolchain/avr8/avr8-gnu-toolchain/bin/../lib/gcc/avr/4.9.2/../../../../avr/lib/avr5\libc.a(sprintf.o)
                              main.o (sprintf)
c:/program files (x86)/atmel/studio/7.0/toolchain/avr8/avr8-gnu-toolchain/bin/../lib/gcc/avr/4.9.2/../../../../avr/lib/avr5\libc.a(vfprintf_std.o)
                              c:/program files (x86)/atmel/studio/7.0/toolchain/avr8/avr8-gnu-toolchain/bin/../lib/gcc/avr/4.9.2/../../../../avr/lib/avr5\libc.a(sprintf.o) (vfprintf)
c:/program files (x86)/atmel/studio/7.0/toolchain/avr8/avr8-gnu-toolchain/bin/../lib/gcc/avr/4.9.2/../../../../avr/lib/avr5\libc.a(strnlen_P.o)
                              c:/program files (x86)/atmel/studio/7.0/toolchain/avr8/avr8-gnu-toolchain/bin/../lib/gcc/avr/4.9.2/../../../../avr/lib/avr5\libc.a(vfprintf_std.o) (strnlen_P)
c:/program files (x86)/atmel/studio/7.0/toolchain/avr8/avr8-gnu-toolchain/bin/../lib/gcc/avr/4.9.2/../../../../avr/lib/avr5\libc.a(strnlen.o)
                              c:/program files (x86)/atmel/studio/7.0/toolchain/avr8/avr8-gnu-toolchain/bin/../lib/gcc/avr/4.9.2/../../../../avr/lib/avr5\libc.a(vfprintf_std.o) (strnlen)
c:/program files (x86)/atmel/studio/7.0/toolchain/avr8/avr8-gnu-toolchain/bin/../lib/gcc/avr/4.9.2/../../../../avr/lib/avr5\libc.a(fputc.o)
                              c:/program files (x86)/atmel/studio/7.0/toolchain/avr8/avr8-gnu-toolchain/bin/../lib/gcc/avr/4.9.2/../../../../avr/lib/avr5\libc.a(vfprintf_std.o) (fputc)
c:/program files (x86)/atmel/studio/7.0/toolchain/avr8/avr8-gnu-toolchain/bin/../lib/gcc/avr/4.9.2/../../../../avr/lib/avr5\libc.a(ultoa_invert.o)
                              c:/program files (x86)/atmel/studio/7.0/toolchain/avr8/avr8-gnu-toolchain/bin/../lib/gcc/avr/4.9.2/../../../../avr/lib/avr5\libc.a(vfprintf_std.o) (__ultoa_invert)
C:/Program Files (x86)/Atmel/Studio/7.0/Packs/Atmel/ATmega_DFP/1.0.98/gcc/dev/atmega644p/avr5\libatmega644p.a(eerd_block.o)
                              inc/Tribus.o (eeprom_read_block)
C:/Program Files (x86)/Atmel/Studio/7.0/Packs/Atmel/ATmega_DFP/1.0.98/gcc/dev/atmega644p/avr5\libatmega644p.a(eeupd_byte.o)
                              inc/Tribus.o (eeprom_update_byte)
C:/Program Files (x86)/Atmel/Studio/7.0/Packs/Atmel/ATmega_DFP/1.0.98/gcc/dev/atmega644p/avr5\libatmega644p.a(eewr_block.o)
                              inc/Tribus.o (eeprom_write_block)
C:/Program Files (x86)/Atmel/Studio/7.0/Packs/Atmel/ATmega_DFP/1.0.98/gcc/dev/atmega644p/avr5\libatmega644p.a(eewr_byte.o)
                              C:/Program Files (x86)/Atmel/Studio/7.0/Packs/Atmel/ATmega_DFP/1.0.98/gcc/dev/atmega644p/avr5\libatmega644p.a(eewr_block.o) (eeprom_write_r18)
c:/program files (x86)/atmel/studio/7.0/toolchain/avr8/avr8-gnu-toolchain/bin/../lib/gcc/avr/4.9.2/avr5\libgcc.a(_prologue.o)
                              c:/program files (x86)/atmel/studio/7.0/toolchain/avr8/avr8-gnu-toolchain/bin/../lib/gcc/avr/4.9.2/../../../../avr/lib/avr5\libc.a(sprintf.o) (__prologue_saves__)
c:/program files (x86)/atmel/studio/7.0/toolchain/avr8/avr8-gnu-toolchain/bin/../lib/gcc/avr/4.9.2/avr5\libgcc.a(_epilogue.o)
                              c:/program files (x86)/atmel/studio/7.0/toolchain/avr8/avr8-gnu-toolchain/bin/../lib/gcc/avr/4.9.2/../../../../avr/lib/avr5\libc.a(sprintf.o) (__epilogue_restores__)

Allocating common symbols
Common symbol       size              file

pp_buf_dev          0x9               inc/packet_processor.o
Pocet               0x1               inc/Tribus.o
uart1_buf_tx        0x9               inc/uart_tri_1.o
uart0_buf_tx        0x9               inc/uart_tri_0.o
debug_buf           0x9               inc/module_ZM.o
uart1_buf_pac_tx    0x90              inc/uart_tri_1.o
uart0_buf_pac_rx    0x120             inc/uart_tri_0.o
TB_out              0x1               inc/Tribus.o
TB_param            0x1d              inc/Tribus.o
TB_Value            0x4               inc/Tribus.o
TB_bufOut           0x9               inc/Tribus.o
TB_gbparam          0x5               inc/Tribus.o
uart1_buf_pac_rx    0x90              inc/uart_tri_1.o
TB_inp              0x1               inc/Tribus.o
uart0_buf_rx        0x80              inc/uart_tri_0.o
adc_data            0x2               inc/adc.o
pp_f_fromdev        0x1               inc/packet_processor.o
TB_AddrModule       0x1               inc/Tribus.o
TB_bufIn            0x9               inc/Tribus.o
uart0_buf_pac_tx    0x120             inc/uart_tri_0.o
CheckModules_Buf    0x9               inc/packet_processor.o
pp_buf_pc           0x9               inc/packet_processor.o
addr_setting_in_eeprom
                    0x2               inc/Tribus.o
CheckModules        0x9               main.o
pp_f_frompc         0x1               inc/packet_processor.o
TB_AddrReply        0x1               inc/Tribus.o
uart1_buf_rx        0x20              inc/uart_tri_1.o

Discarded input sections

 .data          0x00000000        0x0 C:/Program Files (x86)/Atmel/Studio/7.0/Packs/Atmel/ATmega_DFP/1.0.98/gcc/dev/atmega644p/avr5/crtatmega644p.o
 .bss           0x00000000        0x0 C:/Program Files (x86)/Atmel/Studio/7.0/Packs/Atmel/ATmega_DFP/1.0.98/gcc/dev/atmega644p/avr5/crtatmega644p.o
 .text          0x00000000        0x0 inc/adc.o
 .data          0x00000000        0x0 inc/adc.o
 .bss           0x00000000        0x0 inc/adc.o
 .text.adc_on   0x00000000        0x2 inc/adc.o
 .text.adc_off  0x00000000        0x2 inc/adc.o
 .text          0x00000000        0x0 inc/graphic.o
 .data          0x00000000        0x0 inc/graphic.o
 .bss           0x00000000        0x0 inc/graphic.o
 .text.GLCD_Rectangle
                0x00000000       0x78 inc/graphic.o
 .text.GLCD_Circle
                0x00000000      0x10c inc/graphic.o
 .text.GLCD_Line
                0x00000000      0x144 inc/graphic.o
 .rodata.color  0x00000000        0x1 inc/graphic.o
 .debug_info    0x00000000      0x412 inc/graphic.o
 .debug_abbrev  0x00000000       0xd8 inc/graphic.o
 .debug_loc     0x00000000      0x8fe inc/graphic.o
 .debug_aranges
                0x00000000       0x30 inc/graphic.o
 .debug_ranges  0x00000000       0x20 inc/graphic.o
 .debug_line    0x00000000       0xc6 inc/graphic.o
 .debug_str     0x00000000      0x1ba inc/graphic.o
 .comment       0x00000000       0x31 inc/graphic.o
 .debug_frame   0x00000000      0x114 inc/graphic.o
 .text          0x00000000        0x0 inc/module_ZM.o
 .data          0x00000000        0x0 inc/module_ZM.o
 .bss           0x00000000        0x0 inc/module_ZM.o
 .text          0x00000000        0x0 inc/packet_processor.o
 .data          0x00000000        0x0 inc/packet_processor.o
 .bss           0x00000000        0x0 inc/packet_processor.o
 .bss.Modules   0x00000000        0x0 inc/packet_processor.o
 .text          0x00000000        0x0 inc/t6963c.o
 .data          0x00000000        0x0 inc/t6963c.o
 .bss           0x00000000        0x0 inc/t6963c.o
 .text.GLCD_ReadData
                0x00000000       0x22 inc/t6963c.o
 .text.GLCD_WriteStringPgm
                0x00000000       0x24 inc/t6963c.o
 .text.GLCD_DefineCharacter
                0x00000000       0x3a inc/t6963c.o
 .text.GLCD_SetPixel
                0x00000000       0x7c inc/t6963c.o
 .text.GLCD_GraphicGoTo
                0x00000000       0x1c inc/t6963c.o
 .text.GLCD_Bitmap
                0x00000000       0x86 inc/t6963c.o
 .text          0x00000000        0x0 inc/timer.o
 .data          0x00000000        0x0 inc/timer.o
 .bss           0x00000000        0x0 inc/timer.o
 .text          0x00000000        0x0 inc/Tribus.o
 .data          0x00000000        0x0 inc/Tribus.o
 .bss           0x00000000        0x0 inc/Tribus.o
 .text.TB_Send  0x00000000        0x8 inc/Tribus.o
 .text.TB_calcSum_Bus
                0x00000000       0x16 inc/Tribus.o
 .text.TB_SendData
                0x00000000       0x30 inc/Tribus.o
 .text.TB_Read  0x00000000       0x40 inc/Tribus.o
 .text          0x00000000        0x0 inc/uart_tri_0.o
 .data          0x00000000        0x0 inc/uart_tri_0.o
 .bss           0x00000000        0x0 inc/uart_tri_0.o
 .text.uart0_set_baud
                0x00000000       0x70 inc/uart_tri_0.o
 .progmem.gcc_sw_table.uart0_set_baud
                0x00000000       0x16 inc/uart_tri_0.o
 .text          0x00000000        0x0 inc/uart_tri_1.o
 .data          0x00000000        0x0 inc/uart_tri_1.o
 .bss           0x00000000        0x0 inc/uart_tri_1.o
 .text          0x00000000        0x0 main.o
 .data          0x00000000        0x0 main.o
 .bss           0x00000000        0x0 main.o
 .text.try_receive_data
                0x00000000        0x4 main.o
 .bss.Back      0x00000000        0x1 main.o
 .bss.Dtime     0x00000000        0x1 main.o
 COMMON         0x00000000        0x9 main.o
 .text          0x00000000        0x0 c:/program files (x86)/atmel/studio/7.0/toolchain/avr8/avr8-gnu-toolchain/bin/../lib/gcc/avr/4.9.2/../../../../avr/lib/avr5\libm.a(fixunssfsi.o)
 .data          0x00000000        0x0 c:/program files (x86)/atmel/studio/7.0/toolchain/avr8/avr8-gnu-toolchain/bin/../lib/gcc/avr/4.9.2/../../../../avr/lib/avr5\libm.a(fixunssfsi.o)
 .bss           0x00000000        0x0 c:/program files (x86)/atmel/studio/7.0/toolchain/avr8/avr8-gnu-toolchain/bin/../lib/gcc/avr/4.9.2/../../../../avr/lib/avr5\libm.a(fixunssfsi.o)
 .text          0x00000000        0x0 c:/program files (x86)/atmel/studio/7.0/toolchain/avr8/avr8-gnu-toolchain/bin/../lib/gcc/avr/4.9.2/../../../../avr/lib/avr5\libm.a(floatsisf.o)
 .data          0x00000000        0x0 c:/program files (x86)/atmel/studio/7.0/toolchain/avr8/avr8-gnu-toolchain/bin/../lib/gcc/avr/4.9.2/../../../../avr/lib/avr5\libm.a(floatsisf.o)
 .bss           0x00000000        0x0 c:/program files (x86)/atmel/studio/7.0/toolchain/avr8/avr8-gnu-toolchain/bin/../lib/gcc/avr/4.9.2/../../../../avr/lib/avr5\libm.a(floatsisf.o)
 .text          0x00000000        0x0 c:/program files (x86)/atmel/studio/7.0/toolchain/avr8/avr8-gnu-toolchain/bin/../lib/gcc/avr/4.9.2/../../../../avr/lib/avr5\libm.a(fp_split3.o)
 .data          0x00000000        0x0 c:/program files (x86)/atmel/studio/7.0/toolchain/avr8/avr8-gnu-toolchain/bin/../lib/gcc/avr/4.9.2/../../../../avr/lib/avr5\libm.a(fp_split3.o)
 .bss           0x00000000        0x0 c:/program files (x86)/atmel/studio/7.0/toolchain/avr8/avr8-gnu-toolchain/bin/../lib/gcc/avr/4.9.2/../../../../avr/lib/avr5\libm.a(fp_split3.o)
 .text          0x00000000        0x0 c:/program files (x86)/atmel/studio/7.0/toolchain/avr8/avr8-gnu-toolchain/bin/../lib/gcc/avr/4.9.2/../../../../avr/lib/avr5\libm.a(fp_zero.o)
 .data          0x00000000        0x0 c:/program files (x86)/atmel/studio/7.0/toolchain/avr8/avr8-gnu-toolchain/bin/../lib/gcc/avr/4.9.2/../../../../avr/lib/avr5\libm.a(fp_zero.o)
 .bss           0x00000000        0x0 c:/program files (x86)/atmel/studio/7.0/toolchain/avr8/avr8-gnu-toolchain/bin/../lib/gcc/avr/4.9.2/../../../../avr/lib/avr5\libm.a(fp_zero.o)
 .text          0x00000000        0x0 c:/program files (x86)/atmel/studio/7.0/toolchain/avr8/avr8-gnu-toolchain/bin/../lib/gcc/avr/4.9.2/../../../../avr/lib/avr5\libm.a(mulsf3.o)
 .data          0x00000000        0x0 c:/program files (x86)/atmel/studio/7.0/toolchain/avr8/avr8-gnu-toolchain/bin/../lib/gcc/avr/4.9.2/../../../../avr/lib/avr5\libm.a(mulsf3.o)
 .bss           0x00000000        0x0 c:/program files (x86)/atmel/studio/7.0/toolchain/avr8/avr8-gnu-toolchain/bin/../lib/gcc/avr/4.9.2/../../../../avr/lib/avr5\libm.a(mulsf3.o)
 .text          0x00000000        0x0 c:/program files (x86)/atmel/studio/7.0/toolchain/avr8/avr8-gnu-toolchain/bin/../lib/gcc/avr/4.9.2/../../../../avr/lib/avr5\libm.a(mulsf3x.o)
 .data          0x00000000        0x0 c:/program files (x86)/atmel/studio/7.0/toolchain/avr8/avr8-gnu-toolchain/bin/../lib/gcc/avr/4.9.2/../../../../avr/lib/avr5\libm.a(mulsf3x.o)
 .bss           0x00000000        0x0 c:/program files (x86)/atmel/studio/7.0/toolchain/avr8/avr8-gnu-toolchain/bin/../lib/gcc/avr/4.9.2/../../../../avr/lib/avr5\libm.a(mulsf3x.o)
 .text          0x00000000        0x0 c:/program files (x86)/atmel/studio/7.0/toolchain/avr8/avr8-gnu-toolchain/bin/../lib/gcc/avr/4.9.2/../../../../avr/lib/avr5\libm.a(fp_inf.o)
 .data          0x00000000        0x0 c:/program files (x86)/atmel/studio/7.0/toolchain/avr8/avr8-gnu-toolchain/bin/../lib/gcc/avr/4.9.2/../../../../avr/lib/avr5\libm.a(fp_inf.o)
 .bss           0x00000000        0x0 c:/program files (x86)/atmel/studio/7.0/toolchain/avr8/avr8-gnu-toolchain/bin/../lib/gcc/avr/4.9.2/../../../../avr/lib/avr5\libm.a(fp_inf.o)
 .text          0x00000000        0x0 c:/program files (x86)/atmel/studio/7.0/toolchain/avr8/avr8-gnu-toolchain/bin/../lib/gcc/avr/4.9.2/../../../../avr/lib/avr5\libm.a(fp_nan.o)
 .data          0x00000000        0x0 c:/program files (x86)/atmel/studio/7.0/toolchain/avr8/avr8-gnu-toolchain/bin/../lib/gcc/avr/4.9.2/../../../../avr/lib/avr5\libm.a(fp_nan.o)
 .bss           0x00000000        0x0 c:/program files (x86)/atmel/studio/7.0/toolchain/avr8/avr8-gnu-toolchain/bin/../lib/gcc/avr/4.9.2/../../../../avr/lib/avr5\libm.a(fp_nan.o)
 .text          0x00000000        0x0 c:/program files (x86)/atmel/studio/7.0/toolchain/avr8/avr8-gnu-toolchain/bin/../lib/gcc/avr/4.9.2/../../../../avr/lib/avr5\libm.a(fp_pscA.o)
 .data          0x00000000        0x0 c:/program files (x86)/atmel/studio/7.0/toolchain/avr8/avr8-gnu-toolchain/bin/../lib/gcc/avr/4.9.2/../../../../avr/lib/avr5\libm.a(fp_pscA.o)
 .bss           0x00000000        0x0 c:/program files (x86)/atmel/studio/7.0/toolchain/avr8/avr8-gnu-toolchain/bin/../lib/gcc/avr/4.9.2/../../../../avr/lib/avr5\libm.a(fp_pscA.o)
 .text          0x00000000        0x0 c:/program files (x86)/atmel/studio/7.0/toolchain/avr8/avr8-gnu-toolchain/bin/../lib/gcc/avr/4.9.2/../../../../avr/lib/avr5\libm.a(fp_pscB.o)
 .data          0x00000000        0x0 c:/program files (x86)/atmel/studio/7.0/toolchain/avr8/avr8-gnu-toolchain/bin/../lib/gcc/avr/4.9.2/../../../../avr/lib/avr5\libm.a(fp_pscB.o)
 .bss           0x00000000        0x0 c:/program files (x86)/atmel/studio/7.0/toolchain/avr8/avr8-gnu-toolchain/bin/../lib/gcc/avr/4.9.2/../../../../avr/lib/avr5\libm.a(fp_pscB.o)
 .text          0x00000000        0x0 c:/program files (x86)/atmel/studio/7.0/toolchain/avr8/avr8-gnu-toolchain/bin/../lib/gcc/avr/4.9.2/../../../../avr/lib/avr5\libm.a(fp_round.o)
 .data          0x00000000        0x0 c:/program files (x86)/atmel/studio/7.0/toolchain/avr8/avr8-gnu-toolchain/bin/../lib/gcc/avr/4.9.2/../../../../avr/lib/avr5\libm.a(fp_round.o)
 .bss           0x00000000        0x0 c:/program files (x86)/atmel/studio/7.0/toolchain/avr8/avr8-gnu-toolchain/bin/../lib/gcc/avr/4.9.2/../../../../avr/lib/avr5\libm.a(fp_round.o)
 .text          0x00000000        0x0 c:/program files (x86)/atmel/studio/7.0/toolchain/avr8/avr8-gnu-toolchain/bin/../lib/gcc/avr/4.9.2/avr5\libgcc.a(_exit.o)
 .data          0x00000000        0x0 c:/program files (x86)/atmel/studio/7.0/toolchain/avr8/avr8-gnu-toolchain/bin/../lib/gcc/avr/4.9.2/avr5\libgcc.a(_exit.o)
 .bss           0x00000000        0x0 c:/program files (x86)/atmel/studio/7.0/toolchain/avr8/avr8-gnu-toolchain/bin/../lib/gcc/avr/4.9.2/avr5\libgcc.a(_exit.o)
 .text.libgcc.mul
                0x00000000        0x0 c:/program files (x86)/atmel/studio/7.0/toolchain/avr8/avr8-gnu-toolchain/bin/../lib/gcc/avr/4.9.2/avr5\libgcc.a(_exit.o)
 .text.libgcc.div
                0x00000000        0x0 c:/program files (x86)/atmel/studio/7.0/toolchain/avr8/avr8-gnu-toolchain/bin/../lib/gcc/avr/4.9.2/avr5\libgcc.a(_exit.o)
 .text.libgcc   0x00000000        0x0 c:/program files (x86)/atmel/studio/7.0/toolchain/avr8/avr8-gnu-toolchain/bin/../lib/gcc/avr/4.9.2/avr5\libgcc.a(_exit.o)
 .text.libgcc.prologue
                0x00000000        0x0 c:/program files (x86)/atmel/studio/7.0/toolchain/avr8/avr8-gnu-toolchain/bin/../lib/gcc/avr/4.9.2/avr5\libgcc.a(_exit.o)
 .text.libgcc.builtins
                0x00000000        0x0 c:/program files (x86)/atmel/studio/7.0/toolchain/avr8/avr8-gnu-toolchain/bin/../lib/gcc/avr/4.9.2/avr5\libgcc.a(_exit.o)
 .text.libgcc.fmul
                0x00000000        0x0 c:/program files (x86)/atmel/studio/7.0/toolchain/avr8/avr8-gnu-toolchain/bin/../lib/gcc/avr/4.9.2/avr5\libgcc.a(_exit.o)
 .text.libgcc.fixed
                0x00000000        0x0 c:/program files (x86)/atmel/studio/7.0/toolchain/avr8/avr8-gnu-toolchain/bin/../lib/gcc/avr/4.9.2/avr5\libgcc.a(_exit.o)
 .text          0x00000000        0x0 c:/program files (x86)/atmel/studio/7.0/toolchain/avr8/avr8-gnu-toolchain/bin/../lib/gcc/avr/4.9.2/avr5\libgcc.a(_tablejump2.o)
 .data          0x00000000        0x0 c:/program files (x86)/atmel/studio/7.0/toolchain/avr8/avr8-gnu-toolchain/bin/../lib/gcc/avr/4.9.2/avr5\libgcc.a(_tablejump2.o)
 .bss           0x00000000        0x0 c:/program files (x86)/atmel/studio/7.0/toolchain/avr8/avr8-gnu-toolchain/bin/../lib/gcc/avr/4.9.2/avr5\libgcc.a(_tablejump2.o)
 .text.libgcc.mul
                0x00000000        0x0 c:/program files (x86)/atmel/studio/7.0/toolchain/avr8/avr8-gnu-toolchain/bin/../lib/gcc/avr/4.9.2/avr5\libgcc.a(_tablejump2.o)
 .text.libgcc.div
                0x00000000        0x0 c:/program files (x86)/atmel/studio/7.0/toolchain/avr8/avr8-gnu-toolchain/bin/../lib/gcc/avr/4.9.2/avr5\libgcc.a(_tablejump2.o)
 .text.libgcc.prologue
                0x00000000        0x0 c:/program files (x86)/atmel/studio/7.0/toolchain/avr8/avr8-gnu-toolchain/bin/../lib/gcc/avr/4.9.2/avr5\libgcc.a(_tablejump2.o)
 .text.libgcc.builtins
                0x00000000        0x0 c:/program files (x86)/atmel/studio/7.0/toolchain/avr8/avr8-gnu-toolchain/bin/../lib/gcc/avr/4.9.2/avr5\libgcc.a(_tablejump2.o)
 .text.libgcc.fmul
                0x00000000        0x0 c:/program files (x86)/atmel/studio/7.0/toolchain/avr8/avr8-gnu-toolchain/bin/../lib/gcc/avr/4.9.2/avr5\libgcc.a(_tablejump2.o)
 .text.libgcc.fixed
                0x00000000        0x0 c:/program files (x86)/atmel/studio/7.0/toolchain/avr8/avr8-gnu-toolchain/bin/../lib/gcc/avr/4.9.2/avr5\libgcc.a(_tablejump2.o)
 .text          0x00000000        0x0 c:/program files (x86)/atmel/studio/7.0/toolchain/avr8/avr8-gnu-toolchain/bin/../lib/gcc/avr/4.9.2/avr5\libgcc.a(_copy_data.o)
 .data          0x00000000        0x0 c:/program files (x86)/atmel/studio/7.0/toolchain/avr8/avr8-gnu-toolchain/bin/../lib/gcc/avr/4.9.2/avr5\libgcc.a(_copy_data.o)
 .bss           0x00000000        0x0 c:/program files (x86)/atmel/studio/7.0/toolchain/avr8/avr8-gnu-toolchain/bin/../lib/gcc/avr/4.9.2/avr5\libgcc.a(_copy_data.o)
 .text.libgcc.mul
                0x00000000        0x0 c:/program files (x86)/atmel/studio/7.0/toolchain/avr8/avr8-gnu-toolchain/bin/../lib/gcc/avr/4.9.2/avr5\libgcc.a(_copy_data.o)
 .text.libgcc.div
                0x00000000        0x0 c:/program files (x86)/atmel/studio/7.0/toolchain/avr8/avr8-gnu-toolchain/bin/../lib/gcc/avr/4.9.2/avr5\libgcc.a(_copy_data.o)
 .text.libgcc   0x00000000        0x0 c:/program files (x86)/atmel/studio/7.0/toolchain/avr8/avr8-gnu-toolchain/bin/../lib/gcc/avr/4.9.2/avr5\libgcc.a(_copy_data.o)
 .text.libgcc.prologue
                0x00000000        0x0 c:/program files (x86)/atmel/studio/7.0/toolchain/avr8/avr8-gnu-toolchain/bin/../lib/gcc/avr/4.9.2/avr5\libgcc.a(_copy_data.o)
 .text.libgcc.builtins
                0x00000000        0x0 c:/program files (x86)/atmel/studio/7.0/toolchain/avr8/avr8-gnu-toolchain/bin/../lib/gcc/avr/4.9.2/avr5\libgcc.a(_copy_data.o)
 .text.libgcc.fmul
                0x00000000        0x0 c:/program files (x86)/atmel/studio/7.0/toolchain/avr8/avr8-gnu-toolchain/bin/../lib/gcc/avr/4.9.2/avr5\libgcc.a(_copy_data.o)
 .text.libgcc.fixed
                0x00000000        0x0 c:/program files (x86)/atmel/studio/7.0/toolchain/avr8/avr8-gnu-toolchain/bin/../lib/gcc/avr/4.9.2/avr5\libgcc.a(_copy_data.o)
 .text          0x00000000        0x0 c:/program files (x86)/atmel/studio/7.0/toolchain/avr8/avr8-gnu-toolchain/bin/../lib/gcc/avr/4.9.2/avr5\libgcc.a(_clear_bss.o)
 .data          0x00000000        0x0 c:/program files (x86)/atmel/studio/7.0/toolchain/avr8/avr8-gnu-toolchain/bin/../lib/gcc/avr/4.9.2/avr5\libgcc.a(_clear_bss.o)
 .bss           0x00000000        0x0 c:/program files (x86)/atmel/studio/7.0/toolchain/avr8/avr8-gnu-toolchain/bin/../lib/gcc/avr/4.9.2/avr5\libgcc.a(_clear_bss.o)
 .text.libgcc.mul
                0x00000000        0x0 c:/program files (x86)/atmel/studio/7.0/toolchain/avr8/avr8-gnu-toolchain/bin/../lib/gcc/avr/4.9.2/avr5\libgcc.a(_clear_bss.o)
 .text.libgcc.div
                0x00000000        0x0 c:/program files (x86)/atmel/studio/7.0/toolchain/avr8/avr8-gnu-toolchain/bin/../lib/gcc/avr/4.9.2/avr5\libgcc.a(_clear_bss.o)
 .text.libgcc   0x00000000        0x0 c:/program files (x86)/atmel/studio/7.0/toolchain/avr8/avr8-gnu-toolchain/bin/../lib/gcc/avr/4.9.2/avr5\libgcc.a(_clear_bss.o)
 .text.libgcc.prologue
                0x00000000        0x0 c:/program files (x86)/atmel/studio/7.0/toolchain/avr8/avr8-gnu-toolchain/bin/../lib/gcc/avr/4.9.2/avr5\libgcc.a(_clear_bss.o)
 .text.libgcc.builtins
                0x00000000        0x0 c:/program files (x86)/atmel/studio/7.0/toolchain/avr8/avr8-gnu-toolchain/bin/../lib/gcc/avr/4.9.2/avr5\libgcc.a(_clear_bss.o)
 .text.libgcc.fmul
                0x00000000        0x0 c:/program files (x86)/atmel/studio/7.0/toolchain/avr8/avr8-gnu-toolchain/bin/../lib/gcc/avr/4.9.2/avr5\libgcc.a(_clear_bss.o)
 .text.libgcc.fixed
                0x00000000        0x0 c:/program files (x86)/atmel/studio/7.0/toolchain/avr8/avr8-gnu-toolchain/bin/../lib/gcc/avr/4.9.2/avr5\libgcc.a(_clear_bss.o)
 .text          0x00000000        0x0 c:/program files (x86)/atmel/studio/7.0/toolchain/avr8/avr8-gnu-toolchain/bin/../lib/gcc/avr/4.9.2/../../../../avr/lib/avr5\libc.a(sprintf.o)
 .data          0x00000000        0x0 c:/program files (x86)/atmel/studio/7.0/toolchain/avr8/avr8-gnu-toolchain/bin/../lib/gcc/avr/4.9.2/../../../../avr/lib/avr5\libc.a(sprintf.o)
 .bss           0x00000000        0x0 c:/program files (x86)/atmel/studio/7.0/toolchain/avr8/avr8-gnu-toolchain/bin/../lib/gcc/avr/4.9.2/../../../../avr/lib/avr5\libc.a(sprintf.o)
 .text          0x00000000        0x0 c:/program files (x86)/atmel/studio/7.0/toolchain/avr8/avr8-gnu-toolchain/bin/../lib/gcc/avr/4.9.2/../../../../avr/lib/avr5\libc.a(vfprintf_std.o)
 .data          0x00000000        0x0 c:/program files (x86)/atmel/studio/7.0/toolchain/avr8/avr8-gnu-toolchain/bin/../lib/gcc/avr/4.9.2/../../../../avr/lib/avr5\libc.a(vfprintf_std.o)
 .bss           0x00000000        0x0 c:/program files (x86)/atmel/studio/7.0/toolchain/avr8/avr8-gnu-toolchain/bin/../lib/gcc/avr/4.9.2/../../../../avr/lib/avr5\libc.a(vfprintf_std.o)
 .text          0x00000000        0x0 c:/program files (x86)/atmel/studio/7.0/toolchain/avr8/avr8-gnu-toolchain/bin/../lib/gcc/avr/4.9.2/../../../../avr/lib/avr5\libc.a(strnlen_P.o)
 .data          0x00000000        0x0 c:/program files (x86)/atmel/studio/7.0/toolchain/avr8/avr8-gnu-toolchain/bin/../lib/gcc/avr/4.9.2/../../../../avr/lib/avr5\libc.a(strnlen_P.o)
 .bss           0x00000000        0x0 c:/program files (x86)/atmel/studio/7.0/toolchain/avr8/avr8-gnu-toolchain/bin/../lib/gcc/avr/4.9.2/../../../../avr/lib/avr5\libc.a(strnlen_P.o)
 .text          0x00000000        0x0 c:/program files (x86)/atmel/studio/7.0/toolchain/avr8/avr8-gnu-toolchain/bin/../lib/gcc/avr/4.9.2/../../../../avr/lib/avr5\libc.a(strnlen.o)
 .data          0x00000000        0x0 c:/program files (x86)/atmel/studio/7.0/toolchain/avr8/avr8-gnu-toolchain/bin/../lib/gcc/avr/4.9.2/../../../../avr/lib/avr5\libc.a(strnlen.o)
 .bss           0x00000000        0x0 c:/program files (x86)/atmel/studio/7.0/toolchain/avr8/avr8-gnu-toolchain/bin/../lib/gcc/avr/4.9.2/../../../../avr/lib/avr5\libc.a(strnlen.o)
 .text          0x00000000        0x0 c:/program files (x86)/atmel/studio/7.0/toolchain/avr8/avr8-gnu-toolchain/bin/../lib/gcc/avr/4.9.2/../../../../avr/lib/avr5\libc.a(fputc.o)
 .data          0x00000000        0x0 c:/program files (x86)/atmel/studio/7.0/toolchain/avr8/avr8-gnu-toolchain/bin/../lib/gcc/avr/4.9.2/../../../../avr/lib/avr5\libc.a(fputc.o)
 .bss           0x00000000        0x0 c:/program files (x86)/atmel/studio/7.0/toolchain/avr8/avr8-gnu-toolchain/bin/../lib/gcc/avr/4.9.2/../../../../avr/lib/avr5\libc.a(fputc.o)
 .text          0x00000000        0x0 c:/program files (x86)/atmel/studio/7.0/toolchain/avr8/avr8-gnu-toolchain/bin/../lib/gcc/avr/4.9.2/../../../../avr/lib/avr5\libc.a(ultoa_invert.o)
 .data          0x00000000        0x0 c:/program files (x86)/atmel/studio/7.0/toolchain/avr8/avr8-gnu-toolchain/bin/../lib/gcc/avr/4.9.2/../../../../avr/lib/avr5\libc.a(ultoa_invert.o)
 .bss           0x00000000        0x0 c:/program files (x86)/atmel/studio/7.0/toolchain/avr8/avr8-gnu-toolchain/bin/../lib/gcc/avr/4.9.2/../../../../avr/lib/avr5\libc.a(ultoa_invert.o)
 .text          0x00000000        0x0 C:/Program Files (x86)/Atmel/Studio/7.0/Packs/Atmel/ATmega_DFP/1.0.98/gcc/dev/atmega644p/avr5\libatmega644p.a(eerd_block.o)
 .data          0x00000000        0x0 C:/Program Files (x86)/Atmel/Studio/7.0/Packs/Atmel/ATmega_DFP/1.0.98/gcc/dev/atmega644p/avr5\libatmega644p.a(eerd_block.o)
 .bss           0x00000000        0x0 C:/Program Files (x86)/Atmel/Studio/7.0/Packs/Atmel/ATmega_DFP/1.0.98/gcc/dev/atmega644p/avr5\libatmega644p.a(eerd_block.o)
 .text          0x00000000        0x0 C:/Program Files (x86)/Atmel/Studio/7.0/Packs/Atmel/ATmega_DFP/1.0.98/gcc/dev/atmega644p/avr5\libatmega644p.a(eeupd_byte.o)
 .data          0x00000000        0x0 C:/Program Files (x86)/Atmel/Studio/7.0/Packs/Atmel/ATmega_DFP/1.0.98/gcc/dev/atmega644p/avr5\libatmega644p.a(eeupd_byte.o)
 .bss           0x00000000        0x0 C:/Program Files (x86)/Atmel/Studio/7.0/Packs/Atmel/ATmega_DFP/1.0.98/gcc/dev/atmega644p/avr5\libatmega644p.a(eeupd_byte.o)
 .text          0x00000000        0x0 C:/Program Files (x86)/Atmel/Studio/7.0/Packs/Atmel/ATmega_DFP/1.0.98/gcc/dev/atmega644p/avr5\libatmega644p.a(eewr_block.o)
 .data          0x00000000        0x0 C:/Program Files (x86)/Atmel/Studio/7.0/Packs/Atmel/ATmega_DFP/1.0.98/gcc/dev/atmega644p/avr5\libatmega644p.a(eewr_block.o)
 .bss           0x00000000        0x0 C:/Program Files (x86)/Atmel/Studio/7.0/Packs/Atmel/ATmega_DFP/1.0.98/gcc/dev/atmega644p/avr5\libatmega644p.a(eewr_block.o)
 .text          0x00000000        0x0 C:/Program Files (x86)/Atmel/Studio/7.0/Packs/Atmel/ATmega_DFP/1.0.98/gcc/dev/atmega644p/avr5\libatmega644p.a(eewr_byte.o)
 .data          0x00000000        0x0 C:/Program Files (x86)/Atmel/Studio/7.0/Packs/Atmel/ATmega_DFP/1.0.98/gcc/dev/atmega644p/avr5\libatmega644p.a(eewr_byte.o)
 .bss           0x00000000        0x0 C:/Program Files (x86)/Atmel/Studio/7.0/Packs/Atmel/ATmega_DFP/1.0.98/gcc/dev/atmega644p/avr5\libatmega644p.a(eewr_byte.o)
 .text          0x00000000        0x0 c:/program files (x86)/atmel/studio/7.0/toolchain/avr8/avr8-gnu-toolchain/bin/../lib/gcc/avr/4.9.2/avr5\libgcc.a(_prologue.o)
 .data          0x00000000        0x0 c:/program files (x86)/atmel/studio/7.0/toolchain/avr8/avr8-gnu-toolchain/bin/../lib/gcc/avr/4.9.2/avr5\libgcc.a(_prologue.o)
 .bss           0x00000000        0x0 c:/program files (x86)/atmel/studio/7.0/toolchain/avr8/avr8-gnu-toolchain/bin/../lib/gcc/avr/4.9.2/avr5\libgcc.a(_prologue.o)
 .text.libgcc.mul
                0x00000000        0x0 c:/program files (x86)/atmel/studio/7.0/toolchain/avr8/avr8-gnu-toolchain/bin/../lib/gcc/avr/4.9.2/avr5\libgcc.a(_prologue.o)
 .text.libgcc.div
                0x00000000        0x0 c:/program files (x86)/atmel/studio/7.0/toolchain/avr8/avr8-gnu-toolchain/bin/../lib/gcc/avr/4.9.2/avr5\libgcc.a(_prologue.o)
 .text.libgcc   0x00000000        0x0 c:/program files (x86)/atmel/studio/7.0/toolchain/avr8/avr8-gnu-toolchain/bin/../lib/gcc/avr/4.9.2/avr5\libgcc.a(_prologue.o)
 .text.libgcc.builtins
                0x00000000        0x0 c:/program files (x86)/atmel/studio/7.0/toolchain/avr8/avr8-gnu-toolchain/bin/../lib/gcc/avr/4.9.2/avr5\libgcc.a(_prologue.o)
 .text.libgcc.fmul
                0x00000000        0x0 c:/program files (x86)/atmel/studio/7.0/toolchain/avr8/avr8-gnu-toolchain/bin/../lib/gcc/avr/4.9.2/avr5\libgcc.a(_prologue.o)
 .text.libgcc.fixed
                0x00000000        0x0 c:/program files (x86)/atmel/studio/7.0/toolchain/avr8/avr8-gnu-toolchain/bin/../lib/gcc/avr/4.9.2/avr5\libgcc.a(_prologue.o)
 .text          0x00000000        0x0 c:/program files (x86)/atmel/studio/7.0/toolchain/avr8/avr8-gnu-toolchain/bin/../lib/gcc/avr/4.9.2/avr5\libgcc.a(_epilogue.o)
 .data          0x00000000        0x0 c:/program files (x86)/atmel/studio/7.0/toolchain/avr8/avr8-gnu-toolchain/bin/../lib/gcc/avr/4.9.2/avr5\libgcc.a(_epilogue.o)
 .bss           0x00000000        0x0 c:/program files (x86)/atmel/studio/7.0/toolchain/avr8/avr8-gnu-toolchain/bin/../lib/gcc/avr/4.9.2/avr5\libgcc.a(_epilogue.o)
 .text.libgcc.mul
                0x00000000        0x0 c:/program files (x86)/atmel/studio/7.0/toolchain/avr8/avr8-gnu-toolchain/bin/../lib/gcc/avr/4.9.2/avr5\libgcc.a(_epilogue.o)
 .text.libgcc.div
                0x00000000        0x0 c:/program files (x86)/atmel/studio/7.0/toolchain/avr8/avr8-gnu-toolchain/bin/../lib/gcc/avr/4.9.2/avr5\libgcc.a(_epilogue.o)
 .text.libgcc   0x00000000        0x0 c:/program files (x86)/atmel/studio/7.0/toolchain/avr8/avr8-gnu-toolchain/bin/../lib/gcc/avr/4.9.2/avr5\libgcc.a(_epilogue.o)
 .text.libgcc.builtins
                0x00000000        0x0 c:/program files (x86)/atmel/studio/7.0/toolchain/avr8/avr8-gnu-toolchain/bin/../lib/gcc/avr/4.9.2/avr5\libgcc.a(_epilogue.o)
 .text.libgcc.fmul
                0x00000000        0x0 c:/program files (x86)/atmel/studio/7.0/toolchain/avr8/avr8-gnu-toolchain/bin/../lib/gcc/avr/4.9.2/avr5\libgcc.a(_epilogue.o)
 .text.libgcc.fixed
                0x00000000        0x0 c:/program files (x86)/atmel/studio/7.0/toolchain/avr8/avr8-gnu-toolchain/bin/../lib/gcc/avr/4.9.2/avr5\libgcc.a(_epilogue.o)

Memory Configuration

Name             Origin             Length             Attributes
text             0x00000000         0x00020000         xr
data             0x00800060         0x0000ffa0         rw !x
eeprom           0x00810000         0x00010000         rw !x
fuse             0x00820000         0x00000400         rw !x
lock             0x00830000         0x00000400         rw !x
signature        0x00840000         0x00000400         rw !x
user_signatures  0x00850000         0x00000400         rw !x
*default*        0x00000000         0xffffffff

Linker script and memory map

Address of section .data set to 0x800100
LOAD C:/Program Files (x86)/Atmel/Studio/7.0/Packs/Atmel/ATmega_DFP/1.0.98/gcc/dev/atmega644p/avr5/crtatmega644p.o
LOAD inc/adc.o
LOAD inc/graphic.o
LOAD inc/module_ZM.o
LOAD inc/packet_processor.o
LOAD inc/t6963c.o
LOAD inc/timer.o
LOAD inc/Tribus.o
LOAD inc/uart_tri_0.o
LOAD inc/uart_tri_1.o
LOAD main.o
START GROUP
LOAD c:/program files (x86)/atmel/studio/7.0/toolchain/avr8/avr8-gnu-toolchain/bin/../lib/gcc/avr/4.9.2/../../../../avr/lib/avr5\libm.a
END GROUP
START GROUP
LOAD c:/program files (x86)/atmel/studio/7.0/toolchain/avr8/avr8-gnu-toolchain/bin/../lib/gcc/avr/4.9.2/avr5\libgcc.a
LOAD c:/program files (x86)/atmel/studio/7.0/toolchain/avr8/avr8-gnu-toolchain/bin/../lib/gcc/avr/4.9.2/../../../../avr/lib/avr5\libm.a
LOAD c:/program files (x86)/atmel/studio/7.0/toolchain/avr8/avr8-gnu-toolchain/bin/../lib/gcc/avr/4.9.2/../../../../avr/lib/avr5\libc.a
LOAD C:/Program Files (x86)/Atmel/Studio/7.0/Packs/Atmel/ATmega_DFP/1.0.98/gcc/dev/atmega644p/avr5\libatmega644p.a
END GROUP

.hash
 *(.hash)

.dynsym
 *(.dynsym)

.dynstr
 *(.dynstr)

.gnu.version
 *(.gnu.version)

.gnu.version_d
 *(.gnu.version_d)

.gnu.version_r
 *(.gnu.version_r)

.rel.init
 *(.rel.init)

.rela.init
 *(.rela.init)

.rel.text
 *(.rel.text)
 *(.rel.text.*)
 *(.rel.gnu.linkonce.t*)

.rela.text
 *(.rela.text)
 *(.rela.text.*)
 *(.rela.gnu.linkonce.t*)

.rel.fini
 *(.rel.fini)

.rela.fini
 *(.rela.fini)

.rel.rodata
 *(.rel.rodata)
 *(.rel.rodata.*)
 *(.rel.gnu.linkonce.r*)

.rela.rodata
 *(.rela.rodata)
 *(.rela.rodata.*)
 *(.rela.gnu.linkonce.r*)

.rel.data
 *(.rel.data)
 *(.rel.data.*)
 *(.rel.gnu.linkonce.d*)

.rela.data
 *(.rela.data)
 *(.rela.data.*)
 *(.rela.gnu.linkonce.d*)

.rel.ctors
 *(.rel.ctors)

.rela.ctors
 *(.rela.ctors)

.rel.dtors
 *(.rel.dtors)

.rela.dtors
 *(.rela.dtors)

.rel.got
 *(.rel.got)

.rela.got
 *(.rela.got)

.rel.bss
 *(.rel.bss)

.rela.bss
 *(.rela.bss)

.rel.plt
 *(.rel.plt)

.rela.plt
 *(.rela.plt)

.text           0x00000000     0x1e72
 *(.vectors)
 .vectors       0x00000000       0x7c C:/Program Files (x86)/Atmel/Studio/7.0/Packs/Atmel/ATmega_DFP/1.0.98/gcc/dev/atmega644p/avr5/crtatmega644p.o
                0x00000000                __vector_default
                0x00000000                __vectors
 *(.vectors)
 *(.progmem.gcc*)
 .progmem.gcc_sw_table.uart1_set_baud
                0x0000007c       0x16 inc/uart_tri_1.o
                0x00000092                . = ALIGN (0x2)
                0x00000092                __trampolines_start = .
 *(.trampolines)
 .trampolines   0x00000092        0x0 linker stubs
 *(.trampolines*)
                0x00000092                __trampolines_end = .
 *(.progmem*)
                0x00000092                . = ALIGN (0x2)
 *(.jumptables)
 *(.jumptables*)
 *(.lowtext)
 *(.lowtext*)
                0x00000092                __ctors_start = .
 *(.ctors)
                0x00000092                __ctors_end = .
                0x00000092                __dtors_start = .
 *(.dtors)
                0x00000092                __dtors_end = .
 SORT(*)(.ctors)
 SORT(*)(.dtors)
 *(.init0)
 .init0         0x00000092        0x0 C:/Program Files (x86)/Atmel/Studio/7.0/Packs/Atmel/ATmega_DFP/1.0.98/gcc/dev/atmega644p/avr5/crtatmega644p.o
                0x00000092                __init
 *(.init0)
 *(.init1)
 *(.init1)
 *(.init2)
 .init2         0x00000092        0xc C:/Program Files (x86)/Atmel/Studio/7.0/Packs/Atmel/ATmega_DFP/1.0.98/gcc/dev/atmega644p/avr5/crtatmega644p.o
 *(.init2)
 *(.init3)
 *(.init3)
 *(.init4)
 .init4         0x0000009e       0x16 c:/program files (x86)/atmel/studio/7.0/toolchain/avr8/avr8-gnu-toolchain/bin/../lib/gcc/avr/4.9.2/avr5\libgcc.a(_copy_data.o)
                0x0000009e                __do_copy_data
 .init4         0x000000b4       0x10 c:/program files (x86)/atmel/studio/7.0/toolchain/avr8/avr8-gnu-toolchain/bin/../lib/gcc/avr/4.9.2/avr5\libgcc.a(_clear_bss.o)
                0x000000b4                __do_clear_bss
 *(.init4)
 *(.init5)
 *(.init5)
 *(.init6)
 *(.init6)
 *(.init7)
 *(.init7)
 *(.init8)
 *(.init8)
 *(.init9)
 .init9         0x000000c4        0x8 C:/Program Files (x86)/Atmel/Studio/7.0/Packs/Atmel/ATmega_DFP/1.0.98/gcc/dev/atmega644p/avr5/crtatmega644p.o
 *(.init9)
 *(.text)
 .text          0x000000cc        0x4 C:/Program Files (x86)/Atmel/Studio/7.0/Packs/Atmel/ATmega_DFP/1.0.98/gcc/dev/atmega644p/avr5/crtatmega644p.o
                0x000000cc                __vector_1
                0x000000cc                __vector_24
                0x000000cc                __vector_12
                0x000000cc                __bad_interrupt
                0x000000cc                __vector_6
                0x000000cc                __vector_3
                0x000000cc                __vector_23
                0x000000cc                __vector_25
                0x000000cc                __vector_11
                0x000000cc                __vector_13
                0x000000cc                __vector_19
                0x000000cc                __vector_7
                0x000000cc                __vector_27
                0x000000cc                __vector_5
                0x000000cc                __vector_4
                0x000000cc                __vector_9
                0x000000cc                __vector_2
                0x000000cc                __vector_21
                0x000000cc                __vector_15
                0x000000cc                __vector_29
                0x000000cc                __vector_8
                0x000000cc                __vector_26
                0x000000cc                __vector_14
                0x000000cc                __vector_10
                0x000000d0                . = ALIGN (0x2)
 *(.text.*)
 .text.adc_init
                0x000000d0       0x1e inc/adc.o
                0x000000d0                adc_init
 .text.adc_read
                0x000000ee       0x26 inc/adc.o
                0x000000ee                adc_read
 .text.Ddebug   0x00000114       0x30 inc/module_ZM.o
                0x00000114                Ddebug
 .text.modzm_parse
                0x00000144       0x84 inc/module_ZM.o
                0x00000144                modzm_parse
 .text.pp_processRequests
                0x000001c8       0x3a inc/packet_processor.o
                0x000001c8                pp_processRequests
 .text.pp_SendResponses
                0x00000202       0x16 inc/packet_processor.o
                0x00000202                pp_SendResponses
 .text.pp_receive_PC
                0x00000218       0x3e inc/packet_processor.o
                0x00000218                pp_receive_PC
 .text.pp_receive_own
                0x00000256       0x32 inc/packet_processor.o
                0x00000256                pp_receive_own
 .text.pp_receive_int
                0x00000288       0x5a inc/packet_processor.o
                0x00000288                pp_receive_int
 .text.pp_init  0x000002e2        0xa inc/packet_processor.o
                0x000002e2                pp_init
 .text.pp_loop  0x000002ec       0x16 inc/packet_processor.o
                0x000002ec                pp_loop
 .text.delay    0x00000302       0x28 inc/t6963c.o
                0x00000302                delay
 .text.GLCD_InitalizeInterface
                0x0000032a       0x10 inc/t6963c.o
                0x0000032a                GLCD_InitalizeInterface
 .text.GLCD_ChceckStatus
                0x0000033a       0x12 inc/t6963c.o
                0x0000033a                GLCD_ChceckStatus
 .text.GLCD_WriteCommand
                0x0000034c       0x1a inc/t6963c.o
                0x0000034c                GLCD_WriteCommand
 .text.GLCD_WriteData
                0x00000366       0x22 inc/t6963c.o
                0x00000366                GLCD_WriteData
 .text.GLCD_SetAddressPointer
                0x00000388       0x18 inc/t6963c.o
                0x00000388                GLCD_SetAddressPointer
 .text.GLCD_TextGoTo
                0x000003a0       0x16 inc/t6963c.o
                0x000003a0                GLCD_TextGoTo
 .text.GLCD_WriteDisplayData
                0x000003b6        0xc inc/t6963c.o
                0x000003b6                GLCD_WriteDisplayData
 .text.GLCD_ClearText
                0x000003c2       0x20 inc/t6963c.o
                0x000003c2                GLCD_ClearText
 .text.GLCD_ClearCG
                0x000003e2       0x20 inc/t6963c.o
                0x000003e2                GLCD_ClearCG
 .text.GLCD_ClearGraphic
                0x00000402       0x20 inc/t6963c.o
                0x00000402                GLCD_ClearGraphic
 .text.GLCD_WriteChar
                0x00000422        0x8 inc/t6963c.o
                0x00000422                GLCD_WriteChar
 .text.GLCD_WriteString
                0x0000042a       0x1e inc/t6963c.o
                0x0000042a                GLCD_WriteString
 .text.GLCD_Initalize
                0x00000448       0x7e inc/t6963c.o
                0x00000448                GLCD_Initalize
 .text.timer_init
                0x000004c6       0x1c inc/timer.o
                0x000004c6                timer_init
 .text.TB_calcSum
                0x000004e2       0x1a inc/Tribus.o
                0x000004e2                TB_calcSum
 .text.TB_Init  0x000004fc       0x6a inc/Tribus.o
                0x000004fc                TB_Init
 .text.TB_SendAck
                0x00000566       0x2c inc/Tribus.o
                0x00000566                TB_SendAck
 .text.TB_Decode
                0x00000592      0x5d6 inc/Tribus.o
                0x00000592                TB_Decode
 .text.TB_SendAckOK
                0x00000b68        0xe inc/Tribus.o
                0x00000b68                TB_SendAckOK
 .text.uart_get_char
                0x00000b76       0x18 inc/uart_tri_0.o
                0x00000b76                uart_get_char
 .text.uart_receive_char
                0x00000b8e       0x18 inc/uart_tri_0.o
                0x00000b8e                uart_receive_char
 .text.uart_send_char
                0x00000ba6       0x16 inc/uart_tri_0.o
                0x00000ba6                uart_send_char
 .text.uart_send
                0x00000bbc       0x20 inc/uart_tri_0.o
                0x00000bbc                uart_send
 .text.uart_interrupt_rx
                0x00000bdc       0x1c inc/uart_tri_0.o
                0x00000bdc                uart_interrupt_rx
 .text.uart_interrupt_tx
                0x00000bf8       0x1c inc/uart_tri_0.o
                0x00000bf8                uart_interrupt_tx
 .text.__vector_20
                0x00000c14       0x60 inc/uart_tri_0.o
                0x00000c14                __vector_20
 .text.__vector_22
                0x00000c74       0x68 inc/uart_tri_0.o
                0x00000c74                __vector_22
 .text.uart0_init
                0x00000cdc       0x22 inc/uart_tri_0.o
                0x00000cdc                uart0_init
 .text.uart0_process
                0x00000cfe      0x12e inc/uart_tri_0.o
                0x00000cfe                uart0_process
 .text.uart0_ISR_timer
                0x00000e2c       0x30 inc/uart_tri_0.o
                0x00000e2c                uart0_ISR_timer
 .text.uart0_get_data_begin
                0x00000e5c       0x22 inc/uart_tri_0.o
                0x00000e5c                uart0_get_data_begin
 .text.uart0_get_data_end
                0x00000e7e       0x22 inc/uart_tri_0.o
                0x00000e7e                uart0_get_data_end
 .text.uart0_put_data
                0x00000ea0       0x4e inc/uart_tri_0.o
                0x00000ea0                uart0_put_data
 .text.uart1_rx_size
                0x00000eee        0xe inc/uart_tri_1.o
                0x00000eee                uart1_rx_size
 .text.uart1_get_char
                0x00000efc       0x32 inc/uart_tri_1.o
                0x00000efc                uart1_get_char
 .text.uart1_receive_char
                0x00000f2e       0x3e inc/uart_tri_1.o
                0x00000f2e                uart1_receive_char
 .text.uart1_send_char
                0x00000f6c       0x2e inc/uart_tri_1.o
                0x00000f6c                uart1_send_char
 .text.uart1_send
                0x00000f9a       0x2c inc/uart_tri_1.o
                0x00000f9a                uart1_send
 .text.uart1_interrupt_rx
                0x00000fc6       0x1c inc/uart_tri_1.o
                0x00000fc6                uart1_interrupt_rx
 .text.uart1_interrupt_tx
                0x00000fe2       0x1c inc/uart_tri_1.o
                0x00000fe2                uart1_interrupt_tx
 .text.__vector_28
                0x00000ffe       0x60 inc/uart_tri_1.o
                0x00000ffe                __vector_28
 .text.__vector_30
                0x0000105e       0x84 inc/uart_tri_1.o
                0x0000105e                __vector_30
 .text.uart1_init
                0x000010e2       0x22 inc/uart_tri_1.o
                0x000010e2                uart1_init
 .text.uart1_process
                0x00001104      0x158 inc/uart_tri_1.o
                0x00001104                uart1_process
 .text.uart1_ISR_timer
                0x0000125c       0x42 inc/uart_tri_1.o
                0x0000125c                uart1_ISR_timer
 .text.uart1_get_data_begin
                0x0000129e       0x3a inc/uart_tri_1.o
                0x0000129e                uart1_get_data_begin
 .text.uart1_get_data_end
                0x000012d8       0x22 inc/uart_tri_1.o
                0x000012d8                uart1_get_data_end
 .text.uart1_put_data
                0x000012fa       0x88 inc/uart_tri_1.o
                0x000012fa                uart1_put_data
 .text.uart1_set_baud
                0x00001382       0x70 inc/uart_tri_1.o
                0x00001382                uart1_set_baud
 .text.__vector_16
                0x000013f2       0x1e main.o
                0x000013f2                __vector_16
 .text.__vector_17
                0x00001410       0x1e main.o
                0x00001410                __vector_17
 .text.__vector_18
                0x0000142e       0x1e main.o
                0x0000142e                __vector_18
 .text.process_timer_100Hz
                0x0000144c       0x16 main.o
                0x0000144c                process_timer_100Hz
 .text.init     0x00001462       0x30 main.o
                0x00001462                init
 .text.main     0x00001492      0x158 main.o
                0x00001492                main
 .text.avr-libc.fplib
                0x000015ea       0x5e c:/program files (x86)/atmel/studio/7.0/toolchain/avr8/avr8-gnu-toolchain/bin/../lib/gcc/avr/4.9.2/../../../../avr/lib/avr5\libm.a(fixunssfsi.o)
                0x000015ea                __fixunssfsi
 .text.avr-libc.fplib
                0x00001648       0x7a c:/program files (x86)/atmel/studio/7.0/toolchain/avr8/avr8-gnu-toolchain/bin/../lib/gcc/avr/4.9.2/../../../../avr/lib/avr5\libm.a(floatsisf.o)
                0x00001648                __floatunsisf
                0x0000164c                __floatsisf
 .text.avr-libc.fplib
                0x000016c2       0x44 c:/program files (x86)/atmel/studio/7.0/toolchain/avr8/avr8-gnu-toolchain/bin/../lib/gcc/avr/4.9.2/../../../../avr/lib/avr5\libm.a(fp_split3.o)
                0x000016c2                __fp_split3
                0x000016d2                __fp_splitA
 .text.avr-libc.fplib
                0x00001706        0xe c:/program files (x86)/atmel/studio/7.0/toolchain/avr8/avr8-gnu-toolchain/bin/../lib/gcc/avr/4.9.2/../../../../avr/lib/avr5\libm.a(fp_zero.o)
                0x00001706                __fp_zero
                0x00001708                __fp_szero
 .text.avr-libc.fplib
                0x00001714        0x8 c:/program files (x86)/atmel/studio/7.0/toolchain/avr8/avr8-gnu-toolchain/bin/../lib/gcc/avr/4.9.2/../../../../avr/lib/avr5\libm.a(mulsf3.o)
                0x00001714                __mulsf3
 .text.avr-libc.fplib
                0x0000171c       0xd2 c:/program files (x86)/atmel/studio/7.0/toolchain/avr8/avr8-gnu-toolchain/bin/../lib/gcc/avr/4.9.2/../../../../avr/lib/avr5\libm.a(mulsf3x.o)
                0x0000173a                __mulsf3x
                0x00001740                __mulsf3_pse
 .text.avr-libc.fplib
                0x000017ee        0xc c:/program files (x86)/atmel/studio/7.0/toolchain/avr8/avr8-gnu-toolchain/bin/../lib/gcc/avr/4.9.2/../../../../avr/lib/avr5\libm.a(fp_inf.o)
                0x000017ee                __fp_inf
 .text.avr-libc.fplib
                0x000017fa        0x6 c:/program files (x86)/atmel/studio/7.0/toolchain/avr8/avr8-gnu-toolchain/bin/../lib/gcc/avr/4.9.2/../../../../avr/lib/avr5\libm.a(fp_nan.o)
                0x000017fa                __fp_nan
 .text.avr-libc.fplib
                0x00001800        0xe c:/program files (x86)/atmel/studio/7.0/toolchain/avr8/avr8-gnu-toolchain/bin/../lib/gcc/avr/4.9.2/../../../../avr/lib/avr5\libm.a(fp_pscA.o)
                0x00001800                __fp_pscA
 .text.avr-libc.fplib
                0x0000180e        0xe c:/program files (x86)/atmel/studio/7.0/toolchain/avr8/avr8-gnu-toolchain/bin/../lib/gcc/avr/4.9.2/../../../../avr/lib/avr5\libm.a(fp_pscB.o)
                0x0000180e                __fp_pscB
 .text.avr-libc.fplib
                0x0000181c       0x22 c:/program files (x86)/atmel/studio/7.0/toolchain/avr8/avr8-gnu-toolchain/bin/../lib/gcc/avr/4.9.2/../../../../avr/lib/avr5\libm.a(fp_round.o)
                0x0000181c                __fp_round
 .text.libgcc   0x0000183e        0xc c:/program files (x86)/atmel/studio/7.0/toolchain/avr8/avr8-gnu-toolchain/bin/../lib/gcc/avr/4.9.2/avr5\libgcc.a(_tablejump2.o)
                0x0000183e                __tablejump2__
 .text.avr-libc
                0x0000184a       0x46 c:/program files (x86)/atmel/studio/7.0/toolchain/avr8/avr8-gnu-toolchain/bin/../lib/gcc/avr/4.9.2/../../../../avr/lib/avr5\libc.a(sprintf.o)
                0x0000184a                sprintf
 .text.avr-libc
                0x00001890      0x3a4 c:/program files (x86)/atmel/studio/7.0/toolchain/avr8/avr8-gnu-toolchain/bin/../lib/gcc/avr/4.9.2/../../../../avr/lib/avr5\libc.a(vfprintf_std.o)
                0x00001890                vfprintf
 .text.avr-libc
                0x00001c34       0x16 c:/program files (x86)/atmel/studio/7.0/toolchain/avr8/avr8-gnu-toolchain/bin/../lib/gcc/avr/4.9.2/../../../../avr/lib/avr5\libc.a(strnlen_P.o)
                0x00001c34                strnlen_P
 .text.avr-libc
                0x00001c4a       0x16 c:/program files (x86)/atmel/studio/7.0/toolchain/avr8/avr8-gnu-toolchain/bin/../lib/gcc/avr/4.9.2/../../../../avr/lib/avr5\libc.a(strnlen.o)
                0x00001c4a                strnlen
 .text.avr-libc
                0x00001c60       0x70 c:/program files (x86)/atmel/studio/7.0/toolchain/avr8/avr8-gnu-toolchain/bin/../lib/gcc/avr/4.9.2/../../../../avr/lib/avr5\libc.a(fputc.o)
                0x00001c60                fputc
 .text.avr-libc
                0x00001cd0       0xbc c:/program files (x86)/atmel/studio/7.0/toolchain/avr8/avr8-gnu-toolchain/bin/../lib/gcc/avr/4.9.2/../../../../avr/lib/avr5\libc.a(ultoa_invert.o)
                0x00001cd0                __ultoa_invert
 .text.avr-libc
                0x00001d8c       0x20 C:/Program Files (x86)/Atmel/Studio/7.0/Packs/Atmel/ATmega_DFP/1.0.98/gcc/dev/atmega644p/avr5\libatmega644p.a(eerd_block.o)
                0x00001d8c                eeprom_read_block
                0x00001d90                eeprom_read_blraw
 .text.avr-libc
                0x00001dac       0x24 C:/Program Files (x86)/Atmel/Studio/7.0/Packs/Atmel/ATmega_DFP/1.0.98/gcc/dev/atmega644p/avr5\libatmega644p.a(eeupd_byte.o)
                0x00001dac                eeprom_update_byte
                0x00001dae                eeprom_update_r18
 .text.avr-libc
                0x00001dd0       0x14 C:/Program Files (x86)/Atmel/Studio/7.0/Packs/Atmel/ATmega_DFP/1.0.98/gcc/dev/atmega644p/avr5\libatmega644p.a(eewr_block.o)
                0x00001dd0                eeprom_write_block
 .text.avr-libc
                0x00001de4       0x1c C:/Program Files (x86)/Atmel/Studio/7.0/Packs/Atmel/ATmega_DFP/1.0.98/gcc/dev/atmega644p/avr5\libatmega644p.a(eewr_byte.o)
                0x00001de4                eeprom_write_byte
                0x00001de6                eeprom_write_r18
 .text.libgcc.prologue
                0x00001e00       0x38 c:/program files (x86)/atmel/studio/7.0/toolchain/avr8/avr8-gnu-toolchain/bin/../lib/gcc/avr/4.9.2/avr5\libgcc.a(_prologue.o)
                0x00001e00                __prologue_saves__
 .text.libgcc.prologue
                0x00001e38       0x36 c:/program files (x86)/atmel/studio/7.0/toolchain/avr8/avr8-gnu-toolchain/bin/../lib/gcc/avr/4.9.2/avr5\libgcc.a(_epilogue.o)
                0x00001e38                __epilogue_restores__
                0x00001e6e                . = ALIGN (0x2)
 *(.fini9)
 .fini9         0x00001e6e        0x0 c:/program files (x86)/atmel/studio/7.0/toolchain/avr8/avr8-gnu-toolchain/bin/../lib/gcc/avr/4.9.2/avr5\libgcc.a(_exit.o)
                0x00001e6e                _exit
                0x00001e6e                exit
 *(.fini9)
 *(.fini8)
 *(.fini8)
 *(.fini7)
 *(.fini7)
 *(.fini6)
 *(.fini6)
 *(.fini5)
 *(.fini5)
 *(.fini4)
 *(.fini4)
 *(.fini3)
 *(.fini3)
 *(.fini2)
 *(.fini2)
 *(.fini1)
 *(.fini1)
 *(.fini0)
 .fini0         0x00001e6e        0x4 c:/program files (x86)/atmel/studio/7.0/toolchain/avr8/avr8-gnu-toolchain/bin/../lib/gcc/avr/4.9.2/avr5\libgcc.a(_exit.o)
 *(.fini0)
                0x00001e72                _etext = .

.data           0x00800100       0x50 load address 0x00001e72
                0x00800100                PROVIDE (__data_start, .)
 *(.data)
 *(.data*)
 *(.rodata)
 *(.rodata*)
 .rodata.str1.1
                0x00800100       0x4f main.o
 *(.gnu.linkonce.d*)
                0x00800150                . = ALIGN (0x2)
 *fill*         0x0080014f        0x1 
                0x00800150                _edata = .
                0x00800150                PROVIDE (__data_end, .)

.bss            0x00800150      0x495
                0x00800150                PROVIDE (__bss_start, .)
 *(.bss)
 *(.bss*)
 .bss.Dcount    0x00800150        0x1 inc/packet_processor.o
                0x00800150                Dcount
 .bss.TB_Callback_setBaud
                0x00800151        0x2 inc/Tribus.o
                0x00800151                TB_Callback_setBaud
 .bss.TB_send_flag
                0x00800153        0x1 inc/Tribus.o
                0x00800153                TB_send_flag
 .bss.uart0_rx_timeout_flag.1635
                0x00800154        0x1 inc/uart_tri_0.o
 .bss.uart0_flags
                0x00800155        0x1 inc/uart_tri_0.o
                0x00800155                uart0_flags
 .bss.uart0_status
                0x00800156        0x1 inc/uart_tri_0.o
                0x00800156                uart0_status
 .bss.uart0_rx_timeout
                0x00800157        0x1 inc/uart_tri_0.o
                0x00800157                uart0_rx_timeout
 .bss.uart0_buf_pac_rx_ptr_e
                0x00800158        0x1 inc/uart_tri_0.o
                0x00800158                uart0_buf_pac_rx_ptr_e
 .bss.uart0_buf_pac_rx_ptr_b
                0x00800159        0x1 inc/uart_tri_0.o
                0x00800159                uart0_buf_pac_rx_ptr_b
 .bss.uart0_buf_pac_tx_ptr_e
                0x0080015a        0x1 inc/uart_tri_0.o
                0x0080015a                uart0_buf_pac_tx_ptr_e
 .bss.uart0_buf_pac_tx_ptr_b
                0x0080015b        0x1 inc/uart_tri_0.o
                0x0080015b                uart0_buf_pac_tx_ptr_b
 .bss.uart0_buf_tx_ptr
                0x0080015c        0x1 inc/uart_tri_0.o
                0x0080015c                uart0_buf_tx_ptr
 .bss.uart0_buf_rx_ptr_e
                0x0080015d        0x1 inc/uart_tri_0.o
                0x0080015d                uart0_buf_rx_ptr_e
 .bss.uart0_buf_rx_ptr_b
                0x0080015e        0x1 inc/uart_tri_0.o
                0x0080015e                uart0_buf_rx_ptr_b
 .bss.uart1_flags_buferr
                0x0080015f        0x1 inc/uart_tri_1.o
                0x0080015f                uart1_flags_buferr
 .bss.uart1_flags
                0x00800160        0x1 inc/uart_tri_1.o
                0x00800160                uart1_flags
 .bss.uart1_status
                0x00800161        0x1 inc/uart_tri_1.o
                0x00800161                uart1_status
 .bss.uart1_tx_timeout
                0x00800162        0x1 inc/uart_tri_1.o
                0x00800162                uart1_tx_timeout
 .bss.uart1_rx_timeout
                0x00800163        0x1 inc/uart_tri_1.o
                0x00800163                uart1_rx_timeout
 .bss.uart1_buf_pac_rx_ptr_e
                0x00800164        0x1 inc/uart_tri_1.o
                0x00800164                uart1_buf_pac_rx_ptr_e
 .bss.uart1_buf_pac_rx_ptr_b
                0x00800165        0x1 inc/uart_tri_1.o
                0x00800165                uart1_buf_pac_rx_ptr_b
 .bss.uart1_buf_pac_tx_ptr_e
                0x00800166        0x1 inc/uart_tri_1.o
                0x00800166                uart1_buf_pac_tx_ptr_e
 .bss.uart1_buf_pac_tx_ptr_b
                0x00800167        0x1 inc/uart_tri_1.o
                0x00800167                uart1_buf_pac_tx_ptr_b
 .bss.uart1_buf_tx_ptr
                0x00800168        0x1 inc/uart_tri_1.o
                0x00800168                uart1_buf_tx_ptr
 .bss.uart1_buf_rx_ptr_e
                0x00800169        0x1 inc/uart_tri_1.o
                0x00800169                uart1_buf_rx_ptr_e
 .bss.uart1_buf_rx_ptr_b
                0x0080016a        0x1 inc/uart_tri_1.o
                0x0080016a                uart1_buf_rx_ptr_b
 .bss.timer0_flag
                0x0080016b        0x1 main.o
                0x0080016b                timer0_flag
 *(COMMON)
 COMMON         0x0080016c        0x2 inc/adc.o
                0x0080016c                adc_data
 COMMON         0x0080016e        0x9 inc/module_ZM.o
                0x0080016e                debug_buf
 COMMON         0x00800177       0x1d inc/packet_processor.o
                0x00800177                pp_buf_dev
                0x00800180                pp_f_fromdev
                0x00800181                CheckModules_Buf
                0x0080018a                pp_buf_pc
                0x00800193                pp_f_frompc
 COMMON         0x00800194       0x3f inc/Tribus.o
                0x00800194                Pocet
                0x00800195                TB_out
                0x00800196                TB_param
                0x008001b3                TB_Value
                0x008001b7                TB_bufOut
                0x008001c0                TB_gbparam
                0x008001c5                TB_inp
                0x008001c6                TB_AddrModule
                0x008001c7                TB_bufIn
                0x008001d0                addr_setting_in_eeprom
                0x008001d2                TB_AddrReply
 COMMON         0x008001d3      0x2c9 inc/uart_tri_0.o
                0x008001d3                uart0_buf_tx
                0x008001dc                uart0_buf_pac_rx
                0x008002fc                uart0_buf_rx
                0x0080037c                uart0_buf_pac_tx
 COMMON         0x0080049c      0x149 inc/uart_tri_1.o
                0x0080049c                uart1_buf_tx
                0x008004a5                uart1_buf_pac_tx
                0x00800535                uart1_buf_pac_rx
                0x008005c5                uart1_buf_rx
                0x008005e5                PROVIDE (__bss_end, .)
                0x00001e72                __data_load_start = LOADADDR (.data)
                0x00001ec2                __data_load_end = (__data_load_start + SIZEOF (.data))

.noinit         0x008005e5        0x0
                0x008005e5                PROVIDE (__noinit_start, .)
 *(.noinit*)
                0x008005e5                PROVIDE (__noinit_end, .)
                0x008005e5                _end = .
                0x008005e5                PROVIDE (__heap_start, .)

.eeprom         0x00810000        0x0
 *(.eeprom*)
                0x00810000                __eeprom_end = .

.fuse
 *(.fuse)
 *(.lfuse)
 *(.hfuse)
 *(.efuse)

.lock
 *(.lock*)

.signature
 *(.signature*)

.user_signatures
 *(.user_signatures*)

.stab
 *(.stab)

.stabstr
 *(.stabstr)

.stab.excl
 *(.stab.excl)

.stab.exclstr
 *(.stab.exclstr)

.stab.index
 *(.stab.index)

.stab.indexstr
 *(.stab.indexstr)

.comment        0x00000000       0x5c
 *(.comment)
 .comment       0x00000000       0x30 inc/adc.o
                                 0x31 (size before relaxing)
 .comment       0x00000030       0x31 inc/module_ZM.o
 .comment       0x00000030       0x31 inc/packet_processor.o
 .comment       0x00000030       0x31 inc/t6963c.o
 .comment       0x00000030       0x31 inc/timer.o
 .comment       0x00000030       0x31 inc/Tribus.o
 .comment       0x00000030       0x31 inc/uart_tri_0.o
 .comment       0x00000030       0x31 inc/uart_tri_1.o
 .comment       0x00000030       0x31 main.o
 .comment       0x00000030       0x31 c:/program files (x86)/atmel/studio/7.0/toolchain/avr8/avr8-gnu-toolchain/bin/../lib/gcc/avr/4.9.2/../../../../avr/lib/avr5\libc.a(sprintf.o)
 .comment       0x00000030       0x2c c:/program files (x86)/atmel/studio/7.0/toolchain/avr8/avr8-gnu-toolchain/bin/../lib/gcc/avr/4.9.2/../../../../avr/lib/avr5\libc.a(vfprintf_std.o)
                                 0x2d (size before relaxing)
 .comment       0x0000005c       0x31 c:/program files (x86)/atmel/studio/7.0/toolchain/avr8/avr8-gnu-toolchain/bin/../lib/gcc/avr/4.9.2/../../../../avr/lib/avr5\libc.a(fputc.o)

.note.gnu.avr.deviceinfo
                0x00000000       0x40
 .note.gnu.avr.deviceinfo
                0x00000000       0x40 C:/Program Files (x86)/Atmel/Studio/7.0/Packs/Atmel/ATmega_DFP/1.0.98/gcc/dev/atmega644p/avr5/crtatmega644p.o

.note.gnu.build-id
 *(.note.gnu.build-id)

.debug
 *(.debug)

.line
 *(.line)

.debug_srcinfo
 *(.debug_srcinfo)

.debug_sfnames
 *(.debug_sfnames)

.debug_aranges  0x00000000      0x360
 *(.debug_aranges)
 .debug_aranges
                0x00000000       0x38 inc/adc.o
 .debug_aranges
                0x00000038       0x28 inc/module_ZM.o
 .debug_aranges
                0x00000060       0x50 inc/packet_processor.o
 .debug_aranges
                0x000000b0       0xb8 inc/t6963c.o
 .debug_aranges
                0x00000168       0x20 inc/timer.o
 .debug_aranges
                0x00000188       0x60 inc/Tribus.o
 .debug_aranges
                0x000001e8       0x90 inc/uart_tri_0.o
 .debug_aranges
                0x00000278       0x98 inc/uart_tri_1.o
 .debug_aranges
                0x00000310       0x50 main.o

.debug_pubnames
 *(.debug_pubnames)

.debug_info     0x00000000     0x3405
 *(.debug_info .gnu.linkonce.wi.*)
 .debug_info    0x00000000      0x185 inc/adc.o
 .debug_info    0x00000185      0x312 inc/module_ZM.o
 .debug_info    0x00000497      0x4dd inc/packet_processor.o
 .debug_info    0x00000974      0x898 inc/t6963c.o
 .debug_info    0x0000120c       0x83 inc/timer.o
 .debug_info    0x0000128f      0xb5c inc/Tribus.o
 .debug_info    0x00001deb      0x6b9 inc/uart_tri_0.o
 .debug_info    0x000024a4      0x7f1 inc/uart_tri_1.o
 .debug_info    0x00002c95      0x770 main.o

.debug_abbrev   0x00000000      0xfd1
 *(.debug_abbrev)
 .debug_abbrev  0x00000000       0xfc inc/adc.o
 .debug_abbrev  0x000000fc      0x15e inc/module_ZM.o
 .debug_abbrev  0x0000025a      0x190 inc/packet_processor.o
 .debug_abbrev  0x000003ea      0x238 inc/t6963c.o
 .debug_abbrev  0x00000622       0x51 inc/timer.o
 .debug_abbrev  0x00000673      0x2a7 inc/Tribus.o
 .debug_abbrev  0x0000091a      0x24f inc/uart_tri_0.o
 .debug_abbrev  0x00000b69      0x270 inc/uart_tri_1.o
 .debug_abbrev  0x00000dd9      0x1f8 main.o

.debug_line     0x00000000     0x11ae
 *(.debug_line .debug_line.* .debug_line_end)
 .debug_line    0x00000000      0x158 inc/adc.o
 .debug_line    0x00000158       0xca inc/module_ZM.o
 .debug_line    0x00000222      0x1c1 inc/packet_processor.o
 .debug_line    0x000003e3      0x2e8 inc/t6963c.o
 .debug_line    0x000006cb       0xa2 inc/timer.o
 .debug_line    0x0000076d      0x361 inc/Tribus.o
 .debug_line    0x00000ace      0x258 inc/uart_tri_0.o
 .debug_line    0x00000d26      0x2ae inc/uart_tri_1.o
 .debug_line    0x00000fd4      0x1da main.o

.debug_frame    0x00000000      0x880
 *(.debug_frame)
 .debug_frame   0x00000000       0x54 inc/adc.o
 .debug_frame   0x00000054       0x34 inc/module_ZM.o
 .debug_frame   0x00000088       0x84 inc/packet_processor.o
 .debug_frame   0x0000010c      0x214 inc/t6963c.o
 .debug_frame   0x00000320       0x24 inc/timer.o
 .debug_frame   0x00000344       0xe0 inc/Tribus.o
 .debug_frame   0x00000424      0x1b8 inc/uart_tri_0.o
 .debug_frame   0x000005dc      0x1e0 inc/uart_tri_1.o
 .debug_frame   0x000007bc       0xc4 main.o

.debug_str      0x00000000      0xd18
 *(.debug_str)
 .debug_str     0x00000000      0x1b4 inc/adc.o
                                0x1ed (size before relaxing)
 .debug_str     0x000001b4       0xb5 inc/module_ZM.o
                                0x223 (size before relaxing)
 .debug_str     0x00000269      0x19a inc/packet_processor.o
                                0x34e (size before relaxing)
 .debug_str     0x00000403      0x1b6 inc/t6963c.o
                                0x362 (size before relaxing)
 .debug_str     0x000005b9       0x1a inc/timer.o
                                0x16f (size before relaxing)
 .debug_str     0x000005d3      0x1c7 inc/Tribus.o
                                0x3ab (size before relaxing)
 .debug_str     0x0000079a      0x20c inc/uart_tri_0.o
                                0x427 (size before relaxing)
 .debug_str     0x000009a6      0x2c5 inc/uart_tri_1.o
                                0x516 (size before relaxing)
 .debug_str     0x00000c6b       0xad main.o
                                0x33d (size before relaxing)

.debug_loc      0x00000000     0x1c67
 *(.debug_loc)
 .debug_loc     0x00000000       0x21 inc/adc.o
 .debug_loc     0x00000021      0x188 inc/packet_processor.o
 .debug_loc     0x000001a9      0x9ff inc/t6963c.o
 .debug_loc     0x00000ba8      0x370 inc/Tribus.o
 .debug_loc     0x00000f18      0x5af inc/uart_tri_0.o
 .debug_loc     0x000014c7      0x644 inc/uart_tri_1.o
 .debug_loc     0x00001b0b      0x15c main.o

.debug_macinfo
 *(.debug_macinfo)

.debug_weaknames
 *(.debug_weaknames)

.debug_funcnames
 *(.debug_funcnames)

.debug_typenames
 *(.debug_typenames)

.debug_varnames
 *(.debug_varnames)

.debug_pubtypes
 *(.debug_pubtypes)

.debug_ranges   0x00000000      0x378
 *(.debug_ranges)
 .debug_ranges  0x00000000       0x28 inc/adc.o
 .debug_ranges  0x00000028       0x18 inc/module_ZM.o
 .debug_ranges  0x00000040       0x40 inc/packet_processor.o
 .debug_ranges  0x00000080       0xc0 inc/t6963c.o
 .debug_ranges  0x00000140       0x10 inc/timer.o
 .debug_ranges  0x00000150       0xc8 inc/Tribus.o
 .debug_ranges  0x00000218       0x80 inc/uart_tri_0.o
 .debug_ranges  0x00000298       0x88 inc/uart_tri_1.o
 .debug_ranges  0x00000320       0x58 main.o

.debug_macro
 *(.debug_macro)
OUTPUT(RidiciJednotka.elf elf32-avr)
LOAD linker stubs
