Archive member included to satisfy reference by file (symbol)

c:/program files (x86)/atmel/studio/7.0/toolchain/avr8/avr8-gnu-toolchain/bin/../lib/gcc/avr/4.9.2/../../../../avr/lib/avr5\libprintf_flt.a(vfprintf_flt.o)
                              (vfprintf)
c:/program files (x86)/atmel/studio/7.0/toolchain/avr8/avr8-gnu-toolchain/bin/../lib/gcc/avr/4.9.2/avr5\libgcc.a(_exit.o)
                              C:/Program Files (x86)/Atmel/Studio/7.0/Packs/Atmel/ATmega_DFP/1.0.98/gcc/dev/atmega644p/avr5/crtatmega644p.o (exit)
c:/program files (x86)/atmel/studio/7.0/toolchain/avr8/avr8-gnu-toolchain/bin/../lib/gcc/avr/4.9.2/avr5\libgcc.a(_tablejump2.o)
                              inc/uart_tri_0.o (__tablejump2__)
c:/program files (x86)/atmel/studio/7.0/toolchain/avr8/avr8-gnu-toolchain/bin/../lib/gcc/avr/4.9.2/avr5\libgcc.a(_copy_data.o)
                              inc/graphic.o (__do_copy_data)
c:/program files (x86)/atmel/studio/7.0/toolchain/avr8/avr8-gnu-toolchain/bin/../lib/gcc/avr/4.9.2/avr5\libgcc.a(_clear_bss.o)
                              inc/adc.o (__do_clear_bss)
c:/program files (x86)/atmel/studio/7.0/toolchain/avr8/avr8-gnu-toolchain/bin/../lib/gcc/avr/4.9.2/avr5\libgcc.a(_prologue.o)
                              c:/program files (x86)/atmel/studio/7.0/toolchain/avr8/avr8-gnu-toolchain/bin/../lib/gcc/avr/4.9.2/../../../../avr/lib/avr5\libprintf_flt.a(vfprintf_flt.o) (__prologue_saves__)
c:/program files (x86)/atmel/studio/7.0/toolchain/avr8/avr8-gnu-toolchain/bin/../lib/gcc/avr/4.9.2/avr5\libgcc.a(_epilogue.o)
                              c:/program files (x86)/atmel/studio/7.0/toolchain/avr8/avr8-gnu-toolchain/bin/../lib/gcc/avr/4.9.2/../../../../avr/lib/avr5\libprintf_flt.a(vfprintf_flt.o) (__epilogue_restores__)
c:/program files (x86)/atmel/studio/7.0/toolchain/avr8/avr8-gnu-toolchain/bin/../lib/gcc/avr/4.9.2/../../../../avr/lib/avr5\libc.a(ftoa_engine.o)
                              c:/program files (x86)/atmel/studio/7.0/toolchain/avr8/avr8-gnu-toolchain/bin/../lib/gcc/avr/4.9.2/../../../../avr/lib/avr5\libprintf_flt.a(vfprintf_flt.o) (__ftoa_engine)
c:/program files (x86)/atmel/studio/7.0/toolchain/avr8/avr8-gnu-toolchain/bin/../lib/gcc/avr/4.9.2/../../../../avr/lib/avr5\libc.a(strnlen_P.o)
                              c:/program files (x86)/atmel/studio/7.0/toolchain/avr8/avr8-gnu-toolchain/bin/../lib/gcc/avr/4.9.2/../../../../avr/lib/avr5\libprintf_flt.a(vfprintf_flt.o) (strnlen_P)
c:/program files (x86)/atmel/studio/7.0/toolchain/avr8/avr8-gnu-toolchain/bin/../lib/gcc/avr/4.9.2/../../../../avr/lib/avr5\libc.a(strnlen.o)
                              c:/program files (x86)/atmel/studio/7.0/toolchain/avr8/avr8-gnu-toolchain/bin/../lib/gcc/avr/4.9.2/../../../../avr/lib/avr5\libprintf_flt.a(vfprintf_flt.o) (strnlen)
c:/program files (x86)/atmel/studio/7.0/toolchain/avr8/avr8-gnu-toolchain/bin/../lib/gcc/avr/4.9.2/../../../../avr/lib/avr5\libc.a(fputc.o)
                              c:/program files (x86)/atmel/studio/7.0/toolchain/avr8/avr8-gnu-toolchain/bin/../lib/gcc/avr/4.9.2/../../../../avr/lib/avr5\libprintf_flt.a(vfprintf_flt.o) (fputc)
c:/program files (x86)/atmel/studio/7.0/toolchain/avr8/avr8-gnu-toolchain/bin/../lib/gcc/avr/4.9.2/../../../../avr/lib/avr5\libc.a(ultoa_invert.o)
                              c:/program files (x86)/atmel/studio/7.0/toolchain/avr8/avr8-gnu-toolchain/bin/../lib/gcc/avr/4.9.2/../../../../avr/lib/avr5\libprintf_flt.a(vfprintf_flt.o) (__ultoa_invert)
C:/Program Files (x86)/Atmel/Studio/7.0/Packs/Atmel/ATmega_DFP/1.0.98/gcc/dev/atmega644p/avr5\libatmega644p.a(eerd_block.o)
                              inc/Tribus.o (eeprom_read_block)
C:/Program Files (x86)/Atmel/Studio/7.0/Packs/Atmel/ATmega_DFP/1.0.98/gcc/dev/atmega644p/avr5\libatmega644p.a(eeupd_byte.o)
                              inc/Tribus.o (eeprom_update_byte)
C:/Program Files (x86)/Atmel/Studio/7.0/Packs/Atmel/ATmega_DFP/1.0.98/gcc/dev/atmega644p/avr5\libatmega644p.a(eewr_block.o)
                              inc/Tribus.o (eeprom_write_block)
C:/Program Files (x86)/Atmel/Studio/7.0/Packs/Atmel/ATmega_DFP/1.0.98/gcc/dev/atmega644p/avr5\libatmega644p.a(eewr_byte.o)
                              C:/Program Files (x86)/Atmel/Studio/7.0/Packs/Atmel/ATmega_DFP/1.0.98/gcc/dev/atmega644p/avr5\libatmega644p.a(eewr_block.o) (eeprom_write_r18)

Allocating common symbols
Common symbol       size              file

pp_buf_dev          0x9               inc/packet_processor.o
Pocet               0x1               inc/Tribus.o
uart1_buf_tx        0x9               inc/uart_tri_1.o
uart0_buf_tx        0x9               inc/uart_tri_0.o
debug_buf           0x9               inc/module_ZM.o
uart1_buf_pac_tx    0x90              inc/uart_tri_1.o
uart0_buf_pac_rx    0x120             inc/uart_tri_0.o
TB_out              0x1               inc/Tribus.o
TB_param            0x1d              inc/Tribus.o
TB_Value            0x4               inc/Tribus.o
TB_bufOut           0x9               inc/Tribus.o
TB_gbparam          0x5               inc/Tribus.o
uart1_buf_pac_rx    0x90              inc/uart_tri_1.o
TB_inp              0x1               inc/Tribus.o
uart0_buf_rx        0x80              inc/uart_tri_0.o
adc_data            0x2               inc/adc.o
pp_f_fromdev        0x1               inc/packet_processor.o
TB_AddrModule       0x1               inc/Tribus.o
TB_bufIn            0x9               inc/Tribus.o
uart0_buf_pac_tx    0x120             inc/uart_tri_0.o
CheckModules_Buf    0x9               inc/packet_processor.o
pp_buf_pc           0x9               inc/packet_processor.o
addr_setting_in_eeprom
                    0x2               inc/Tribus.o
CheckModules        0x9               main.o
pp_f_frompc         0x1               inc/packet_processor.o
TB_AddrReply        0x1               inc/Tribus.o
uart1_buf_rx        0x20              inc/uart_tri_1.o

Discarded input sections

 .data          0x00000000        0x0 C:/Program Files (x86)/Atmel/Studio/7.0/Packs/Atmel/ATmega_DFP/1.0.98/gcc/dev/atmega644p/avr5/crtatmega644p.o
 .bss           0x00000000        0x0 C:/Program Files (x86)/Atmel/Studio/7.0/Packs/Atmel/ATmega_DFP/1.0.98/gcc/dev/atmega644p/avr5/crtatmega644p.o
 .text          0x00000000        0x0 inc/adc.o
 .data          0x00000000        0x0 inc/adc.o
 .bss           0x00000000        0x0 inc/adc.o
 .text.adc_on   0x00000000        0x2 inc/adc.o
 .text.adc_off  0x00000000        0x2 inc/adc.o
 .text          0x00000000        0x0 inc/AtomTrace.o
 .data          0x00000000        0x0 inc/AtomTrace.o
 .bss           0x00000000        0x0 inc/AtomTrace.o
 .debug_line    0x00000000        0x0 inc/AtomTrace.o
 .debug_str     0x00000000       0xf9 inc/AtomTrace.o
 .comment       0x00000000       0x31 inc/AtomTrace.o
 .text          0x00000000        0x0 inc/graphic.o
 .data          0x00000000        0x0 inc/graphic.o
 .bss           0x00000000        0x0 inc/graphic.o
 .text.GLCD_Rectangle
                0x00000000       0x78 inc/graphic.o
 .text.GLCD_Circle
                0x00000000      0x10c inc/graphic.o
 .text.GLCD_Line
                0x00000000      0x144 inc/graphic.o
 .rodata.color  0x00000000        0x1 inc/graphic.o
 .debug_info    0x00000000      0x412 inc/graphic.o
 .debug_abbrev  0x00000000       0xd8 inc/graphic.o
 .debug_loc     0x00000000      0x8fe inc/graphic.o
 .debug_aranges
                0x00000000       0x30 inc/graphic.o
 .debug_ranges  0x00000000       0x20 inc/graphic.o
 .debug_line    0x00000000       0xc6 inc/graphic.o
 .debug_str     0x00000000      0x1ba inc/graphic.o
 .comment       0x00000000       0x31 inc/graphic.o
 .debug_frame   0x00000000      0x114 inc/graphic.o
 .text          0x00000000        0x0 inc/module_ZM.o
 .data          0x00000000        0x0 inc/module_ZM.o
 .bss           0x00000000        0x0 inc/module_ZM.o
 .text          0x00000000        0x0 inc/packet_processor.o
 .data          0x00000000        0x0 inc/packet_processor.o
 .bss           0x00000000        0x0 inc/packet_processor.o
 .bss.Modules   0x00000000        0x0 inc/packet_processor.o
 .text          0x00000000        0x0 inc/t6963c.o
 .data          0x00000000        0x0 inc/t6963c.o
 .bss           0x00000000        0x0 inc/t6963c.o
 .text.GLCD_ReadData
                0x00000000       0x22 inc/t6963c.o
 .text.GLCD_TextGoTo
                0x00000000       0x16 inc/t6963c.o
 .text.GLCD_WriteChar
                0x00000000        0x8 inc/t6963c.o
 .text.GLCD_WriteString
                0x00000000       0x1e inc/t6963c.o
 .text.GLCD_WriteStringPgm
                0x00000000       0x24 inc/t6963c.o
 .text.GLCD_DefineCharacter
                0x00000000       0x3a inc/t6963c.o
 .text.GLCD_SetPixel
                0x00000000       0x7c inc/t6963c.o
 .text.GLCD_Image
                0x00000000       0x68 inc/t6963c.o
 .text          0x00000000        0x0 inc/timer.o
 .data          0x00000000        0x0 inc/timer.o
 .bss           0x00000000        0x0 inc/timer.o
 .text          0x00000000        0x0 inc/Tribus.o
 .data          0x00000000        0x0 inc/Tribus.o
 .bss           0x00000000        0x0 inc/Tribus.o
 .text.TB_Send  0x00000000        0x8 inc/Tribus.o
 .text.TB_calcSum_Bus
                0x00000000       0x16 inc/Tribus.o
 .text.TB_SendData
                0x00000000       0x30 inc/Tribus.o
 .text.TB_Read  0x00000000       0x40 inc/Tribus.o
 .text          0x00000000        0x0 inc/uart_tri_0.o
 .data          0x00000000        0x0 inc/uart_tri_0.o
 .bss           0x00000000        0x0 inc/uart_tri_0.o
 .text.uart0_set_baud
                0x00000000       0x70 inc/uart_tri_0.o
 .progmem.gcc_sw_table.uart0_set_baud
                0x00000000       0x16 inc/uart_tri_0.o
 .text          0x00000000        0x0 inc/uart_tri_1.o
 .data          0x00000000        0x0 inc/uart_tri_1.o
 .bss           0x00000000        0x0 inc/uart_tri_1.o
 .text          0x00000000        0x0 main.o
 .data          0x00000000        0x0 main.o
 .bss           0x00000000        0x0 main.o
 .text.try_receive_data
                0x00000000        0x4 main.o
 .bss.Back      0x00000000        0x1 main.o
 .bss.Dtime     0x00000000        0x1 main.o
 .rodata.gImage_Obr3
                0x00000000       0x10 main.o
 .rodata.gImage_Obr
                0x00000000      0x14a main.o
 COMMON         0x00000000        0x9 main.o
 .text          0x00000000        0x0 c:/program files (x86)/atmel/studio/7.0/toolchain/avr8/avr8-gnu-toolchain/bin/../lib/gcc/avr/4.9.2/../../../../avr/lib/avr5\libprintf_flt.a(vfprintf_flt.o)
 .data          0x00000000        0x0 c:/program files (x86)/atmel/studio/7.0/toolchain/avr8/avr8-gnu-toolchain/bin/../lib/gcc/avr/4.9.2/../../../../avr/lib/avr5\libprintf_flt.a(vfprintf_flt.o)
 .bss           0x00000000        0x0 c:/program files (x86)/atmel/studio/7.0/toolchain/avr8/avr8-gnu-toolchain/bin/../lib/gcc/avr/4.9.2/../../../../avr/lib/avr5\libprintf_flt.a(vfprintf_flt.o)
 .text          0x00000000        0x0 c:/program files (x86)/atmel/studio/7.0/toolchain/avr8/avr8-gnu-toolchain/bin/../lib/gcc/avr/4.9.2/avr5\libgcc.a(_exit.o)
 .data          0x00000000        0x0 c:/program files (x86)/atmel/studio/7.0/toolchain/avr8/avr8-gnu-toolchain/bin/../lib/gcc/avr/4.9.2/avr5\libgcc.a(_exit.o)
 .bss           0x00000000        0x0 c:/program files (x86)/atmel/studio/7.0/toolchain/avr8/avr8-gnu-toolchain/bin/../lib/gcc/avr/4.9.2/avr5\libgcc.a(_exit.o)
 .text.libgcc.mul
                0x00000000        0x0 c:/program files (x86)/atmel/studio/7.0/toolchain/avr8/avr8-gnu-toolchain/bin/../lib/gcc/avr/4.9.2/avr5\libgcc.a(_exit.o)
 .text.libgcc.div
                0x00000000        0x0 c:/program files (x86)/atmel/studio/7.0/toolchain/avr8/avr8-gnu-toolchain/bin/../lib/gcc/avr/4.9.2/avr5\libgcc.a(_exit.o)
 .text.libgcc   0x00000000        0x0 c:/program files (x86)/atmel/studio/7.0/toolchain/avr8/avr8-gnu-toolchain/bin/../lib/gcc/avr/4.9.2/avr5\libgcc.a(_exit.o)
 .text.libgcc.prologue
                0x00000000        0x0 c:/program files (x86)/atmel/studio/7.0/toolchain/avr8/avr8-gnu-toolchain/bin/../lib/gcc/avr/4.9.2/avr5\libgcc.a(_exit.o)
 .text.libgcc.builtins
                0x00000000        0x0 c:/program files (x86)/atmel/studio/7.0/toolchain/avr8/avr8-gnu-toolchain/bin/../lib/gcc/avr/4.9.2/avr5\libgcc.a(_exit.o)
 .text.libgcc.fmul
                0x00000000        0x0 c:/program files (x86)/atmel/studio/7.0/toolchain/avr8/avr8-gnu-toolchain/bin/../lib/gcc/avr/4.9.2/avr5\libgcc.a(_exit.o)
 .text.libgcc.fixed
                0x00000000        0x0 c:/program files (x86)/atmel/studio/7.0/toolchain/avr8/avr8-gnu-toolchain/bin/../lib/gcc/avr/4.9.2/avr5\libgcc.a(_exit.o)
 .text          0x00000000        0x0 c:/program files (x86)/atmel/studio/7.0/toolchain/avr8/avr8-gnu-toolchain/bin/../lib/gcc/avr/4.9.2/avr5\libgcc.a(_tablejump2.o)
 .data          0x00000000        0x0 c:/program files (x86)/atmel/studio/7.0/toolchain/avr8/avr8-gnu-toolchain/bin/../lib/gcc/avr/4.9.2/avr5\libgcc.a(_tablejump2.o)
 .bss           0x00000000        0x0 c:/program files (x86)/atmel/studio/7.0/toolchain/avr8/avr8-gnu-toolchain/bin/../lib/gcc/avr/4.9.2/avr5\libgcc.a(_tablejump2.o)
 .text.libgcc.mul
                0x00000000        0x0 c:/program files (x86)/atmel/studio/7.0/toolchain/avr8/avr8-gnu-toolchain/bin/../lib/gcc/avr/4.9.2/avr5\libgcc.a(_tablejump2.o)
 .text.libgcc.div
                0x00000000        0x0 c:/program files (x86)/atmel/studio/7.0/toolchain/avr8/avr8-gnu-toolchain/bin/../lib/gcc/avr/4.9.2/avr5\libgcc.a(_tablejump2.o)
 .text.libgcc.prologue
                0x00000000        0x0 c:/program files (x86)/atmel/studio/7.0/toolchain/avr8/avr8-gnu-toolchain/bin/../lib/gcc/avr/4.9.2/avr5\libgcc.a(_tablejump2.o)
 .text.libgcc.builtins
                0x00000000        0x0 c:/program files (x86)/atmel/studio/7.0/toolchain/avr8/avr8-gnu-toolchain/bin/../lib/gcc/avr/4.9.2/avr5\libgcc.a(_tablejump2.o)
 .text.libgcc.fmul
                0x00000000        0x0 c:/program files (x86)/atmel/studio/7.0/toolchain/avr8/avr8-gnu-toolchain/bin/../lib/gcc/avr/4.9.2/avr5\libgcc.a(_tablejump2.o)
 .text.libgcc.fixed
                0x00000000        0x0 c:/program files (x86)/atmel/studio/7.0/toolchain/avr8/avr8-gnu-toolchain/bin/../lib/gcc/avr/4.9.2/avr5\libgcc.a(_tablejump2.o)
 .text          0x00000000        0x0 c:/program files (x86)/atmel/studio/7.0/toolchain/avr8/avr8-gnu-toolchain/bin/../lib/gcc/avr/4.9.2/avr5\libgcc.a(_copy_data.o)
 .data          0x00000000        0x0 c:/program files (x86)/atmel/studio/7.0/toolchain/avr8/avr8-gnu-toolchain/bin/../lib/gcc/avr/4.9.2/avr5\libgcc.a(_copy_data.o)
 .bss           0x00000000        0x0 c:/program files (x86)/atmel/studio/7.0/toolchain/avr8/avr8-gnu-toolchain/bin/../lib/gcc/avr/4.9.2/avr5\libgcc.a(_copy_data.o)
 .text.libgcc.mul
                0x00000000        0x0 c:/program files (x86)/atmel/studio/7.0/toolchain/avr8/avr8-gnu-toolchain/bin/../lib/gcc/avr/4.9.2/avr5\libgcc.a(_copy_data.o)
 .text.libgcc.div
                0x00000000        0x0 c:/program files (x86)/atmel/studio/7.0/toolchain/avr8/avr8-gnu-toolchain/bin/../lib/gcc/avr/4.9.2/avr5\libgcc.a(_copy_data.o)
 .text.libgcc   0x00000000        0x0 c:/program files (x86)/atmel/studio/7.0/toolchain/avr8/avr8-gnu-toolchain/bin/../lib/gcc/avr/4.9.2/avr5\libgcc.a(_copy_data.o)
 .text.libgcc.prologue
                0x00000000        0x0 c:/program files (x86)/atmel/studio/7.0/toolchain/avr8/avr8-gnu-toolchain/bin/../lib/gcc/avr/4.9.2/avr5\libgcc.a(_copy_data.o)
 .text.libgcc.builtins
                0x00000000        0x0 c:/program files (x86)/atmel/studio/7.0/toolchain/avr8/avr8-gnu-toolchain/bin/../lib/gcc/avr/4.9.2/avr5\libgcc.a(_copy_data.o)
 .text.libgcc.fmul
                0x00000000        0x0 c:/program files (x86)/atmel/studio/7.0/toolchain/avr8/avr8-gnu-toolchain/bin/../lib/gcc/avr/4.9.2/avr5\libgcc.a(_copy_data.o)
 .text.libgcc.fixed
                0x00000000        0x0 c:/program files (x86)/atmel/studio/7.0/toolchain/avr8/avr8-gnu-toolchain/bin/../lib/gcc/avr/4.9.2/avr5\libgcc.a(_copy_data.o)
 .text          0x00000000        0x0 c:/program files (x86)/atmel/studio/7.0/toolchain/avr8/avr8-gnu-toolchain/bin/../lib/gcc/avr/4.9.2/avr5\libgcc.a(_clear_bss.o)
 .data          0x00000000        0x0 c:/program files (x86)/atmel/studio/7.0/toolchain/avr8/avr8-gnu-toolchain/bin/../lib/gcc/avr/4.9.2/avr5\libgcc.a(_clear_bss.o)
 .bss           0x00000000        0x0 c:/program files (x86)/atmel/studio/7.0/toolchain/avr8/avr8-gnu-toolchain/bin/../lib/gcc/avr/4.9.2/avr5\libgcc.a(_clear_bss.o)
 .text.libgcc.mul
                0x00000000        0x0 c:/program files (x86)/atmel/studio/7.0/toolchain/avr8/avr8-gnu-toolchain/bin/../lib/gcc/avr/4.9.2/avr5\libgcc.a(_clear_bss.o)
 .text.libgcc.div
                0x00000000        0x0 c:/program files (x86)/atmel/studio/7.0/toolchain/avr8/avr8-gnu-toolchain/bin/../lib/gcc/avr/4.9.2/avr5\libgcc.a(_clear_bss.o)
 .text.libgcc   0x00000000        0x0 c:/program files (x86)/atmel/studio/7.0/toolchain/avr8/avr8-gnu-toolchain/bin/../lib/gcc/avr/4.9.2/avr5\libgcc.a(_clear_bss.o)
 .text.libgcc.prologue
                0x00000000        0x0 c:/program files (x86)/atmel/studio/7.0/toolchain/avr8/avr8-gnu-toolchain/bin/../lib/gcc/avr/4.9.2/avr5\libgcc.a(_clear_bss.o)
 .text.libgcc.builtins
                0x00000000        0x0 c:/program files (x86)/atmel/studio/7.0/toolchain/avr8/avr8-gnu-toolchain/bin/../lib/gcc/avr/4.9.2/avr5\libgcc.a(_clear_bss.o)
 .text.libgcc.fmul
                0x00000000        0x0 c:/program files (x86)/atmel/studio/7.0/toolchain/avr8/avr8-gnu-toolchain/bin/../lib/gcc/avr/4.9.2/avr5\libgcc.a(_clear_bss.o)
 .text.libgcc.fixed
                0x00000000        0x0 c:/program files (x86)/atmel/studio/7.0/toolchain/avr8/avr8-gnu-toolchain/bin/../lib/gcc/avr/4.9.2/avr5\libgcc.a(_clear_bss.o)
 .text          0x00000000        0x0 c:/program files (x86)/atmel/studio/7.0/toolchain/avr8/avr8-gnu-toolchain/bin/../lib/gcc/avr/4.9.2/avr5\libgcc.a(_prologue.o)
 .data          0x00000000        0x0 c:/program files (x86)/atmel/studio/7.0/toolchain/avr8/avr8-gnu-toolchain/bin/../lib/gcc/avr/4.9.2/avr5\libgcc.a(_prologue.o)
 .bss           0x00000000        0x0 c:/program files (x86)/atmel/studio/7.0/toolchain/avr8/avr8-gnu-toolchain/bin/../lib/gcc/avr/4.9.2/avr5\libgcc.a(_prologue.o)
 .text.libgcc.mul
                0x00000000        0x0 c:/program files (x86)/atmel/studio/7.0/toolchain/avr8/avr8-gnu-toolchain/bin/../lib/gcc/avr/4.9.2/avr5\libgcc.a(_prologue.o)
 .text.libgcc.div
                0x00000000        0x0 c:/program files (x86)/atmel/studio/7.0/toolchain/avr8/avr8-gnu-toolchain/bin/../lib/gcc/avr/4.9.2/avr5\libgcc.a(_prologue.o)
 .text.libgcc   0x00000000        0x0 c:/program files (x86)/atmel/studio/7.0/toolchain/avr8/avr8-gnu-toolchain/bin/../lib/gcc/avr/4.9.2/avr5\libgcc.a(_prologue.o)
 .text.libgcc.builtins
                0x00000000        0x0 c:/program files (x86)/atmel/studio/7.0/toolchain/avr8/avr8-gnu-toolchain/bin/../lib/gcc/avr/4.9.2/avr5\libgcc.a(_prologue.o)
 .text.libgcc.fmul
                0x00000000        0x0 c:/program files (x86)/atmel/studio/7.0/toolchain/avr8/avr8-gnu-toolchain/bin/../lib/gcc/avr/4.9.2/avr5\libgcc.a(_prologue.o)
 .text.libgcc.fixed
                0x00000000        0x0 c:/program files (x86)/atmel/studio/7.0/toolchain/avr8/avr8-gnu-toolchain/bin/../lib/gcc/avr/4.9.2/avr5\libgcc.a(_prologue.o)
 .text          0x00000000        0x0 c:/program files (x86)/atmel/studio/7.0/toolchain/avr8/avr8-gnu-toolchain/bin/../lib/gcc/avr/4.9.2/avr5\libgcc.a(_epilogue.o)
 .data          0x00000000        0x0 c:/program files (x86)/atmel/studio/7.0/toolchain/avr8/avr8-gnu-toolchain/bin/../lib/gcc/avr/4.9.2/avr5\libgcc.a(_epilogue.o)
 .bss           0x00000000        0x0 c:/program files (x86)/atmel/studio/7.0/toolchain/avr8/avr8-gnu-toolchain/bin/../lib/gcc/avr/4.9.2/avr5\libgcc.a(_epilogue.o)
 .text.libgcc.mul
                0x00000000        0x0 c:/program files (x86)/atmel/studio/7.0/toolchain/avr8/avr8-gnu-toolchain/bin/../lib/gcc/avr/4.9.2/avr5\libgcc.a(_epilogue.o)
 .text.libgcc.div
                0x00000000        0x0 c:/program files (x86)/atmel/studio/7.0/toolchain/avr8/avr8-gnu-toolchain/bin/../lib/gcc/avr/4.9.2/avr5\libgcc.a(_epilogue.o)
 .text.libgcc   0x00000000        0x0 c:/program files (x86)/atmel/studio/7.0/toolchain/avr8/avr8-gnu-toolchain/bin/../lib/gcc/avr/4.9.2/avr5\libgcc.a(_epilogue.o)
 .text.libgcc.builtins
                0x00000000        0x0 c:/program files (x86)/atmel/studio/7.0/toolchain/avr8/avr8-gnu-toolchain/bin/../lib/gcc/avr/4.9.2/avr5\libgcc.a(_epilogue.o)
 .text.libgcc.fmul
                0x00000000        0x0 c:/program files (x86)/atmel/studio/7.0/toolchain/avr8/avr8-gnu-toolchain/bin/../lib/gcc/avr/4.9.2/avr5\libgcc.a(_epilogue.o)
 .text.libgcc.fixed
                0x00000000        0x0 c:/program files (x86)/atmel/studio/7.0/toolchain/avr8/avr8-gnu-toolchain/bin/../lib/gcc/avr/4.9.2/avr5\libgcc.a(_epilogue.o)
 .text          0x00000000        0x0 c:/program files (x86)/atmel/studio/7.0/toolchain/avr8/avr8-gnu-toolchain/bin/../lib/gcc/avr/4.9.2/../../../../avr/lib/avr5\libc.a(ftoa_engine.o)
 .data          0x00000000        0x0 c:/program files (x86)/atmel/studio/7.0/toolchain/avr8/avr8-gnu-toolchain/bin/../lib/gcc/avr/4.9.2/../../../../avr/lib/avr5\libc.a(ftoa_engine.o)
 .bss           0x00000000        0x0 c:/program files (x86)/atmel/studio/7.0/toolchain/avr8/avr8-gnu-toolchain/bin/../lib/gcc/avr/4.9.2/../../../../avr/lib/avr5\libc.a(ftoa_engine.o)
 .text          0x00000000        0x0 c:/program files (x86)/atmel/studio/7.0/toolchain/avr8/avr8-gnu-toolchain/bin/../lib/gcc/avr/4.9.2/../../../../avr/lib/avr5\libc.a(strnlen_P.o)
 .data          0x00000000        0x0 c:/program files (x86)/atmel/studio/7.0/toolchain/avr8/avr8-gnu-toolchain/bin/../lib/gcc/avr/4.9.2/../../../../avr/lib/avr5\libc.a(strnlen_P.o)
 .bss           0x00000000        0x0 c:/program files (x86)/atmel/studio/7.0/toolchain/avr8/avr8-gnu-toolchain/bin/../lib/gcc/avr/4.9.2/../../../../avr/lib/avr5\libc.a(strnlen_P.o)
 .text          0x00000000        0x0 c:/program files (x86)/atmel/studio/7.0/toolchain/avr8/avr8-gnu-toolchain/bin/../lib/gcc/avr/4.9.2/../../../../avr/lib/avr5\libc.a(strnlen.o)
 .data          0x00000000        0x0 c:/program files (x86)/atmel/studio/7.0/toolchain/avr8/avr8-gnu-toolchain/bin/../lib/gcc/avr/4.9.2/../../../../avr/lib/avr5\libc.a(strnlen.o)
 .bss           0x00000000        0x0 c:/program files (x86)/atmel/studio/7.0/toolchain/avr8/avr8-gnu-toolchain/bin/../lib/gcc/avr/4.9.2/../../../../avr/lib/avr5\libc.a(strnlen.o)
 .text          0x00000000        0x0 c:/program files (x86)/atmel/studio/7.0/toolchain/avr8/avr8-gnu-toolchain/bin/../lib/gcc/avr/4.9.2/../../../../avr/lib/avr5\libc.a(fputc.o)
 .data          0x00000000        0x0 c:/program files (x86)/atmel/studio/7.0/toolchain/avr8/avr8-gnu-toolchain/bin/../lib/gcc/avr/4.9.2/../../../../avr/lib/avr5\libc.a(fputc.o)
 .bss           0x00000000        0x0 c:/program files (x86)/atmel/studio/7.0/toolchain/avr8/avr8-gnu-toolchain/bin/../lib/gcc/avr/4.9.2/../../../../avr/lib/avr5\libc.a(fputc.o)
 .text          0x00000000        0x0 c:/program files (x86)/atmel/studio/7.0/toolchain/avr8/avr8-gnu-toolchain/bin/../lib/gcc/avr/4.9.2/../../../../avr/lib/avr5\libc.a(ultoa_invert.o)
 .data          0x00000000        0x0 c:/program files (x86)/atmel/studio/7.0/toolchain/avr8/avr8-gnu-toolchain/bin/../lib/gcc/avr/4.9.2/../../../../avr/lib/avr5\libc.a(ultoa_invert.o)
 .bss           0x00000000        0x0 c:/program files (x86)/atmel/studio/7.0/toolchain/avr8/avr8-gnu-toolchain/bin/../lib/gcc/avr/4.9.2/../../../../avr/lib/avr5\libc.a(ultoa_invert.o)
 .text          0x00000000        0x0 C:/Program Files (x86)/Atmel/Studio/7.0/Packs/Atmel/ATmega_DFP/1.0.98/gcc/dev/atmega644p/avr5\libatmega644p.a(eerd_block.o)
 .data          0x00000000        0x0 C:/Program Files (x86)/Atmel/Studio/7.0/Packs/Atmel/ATmega_DFP/1.0.98/gcc/dev/atmega644p/avr5\libatmega644p.a(eerd_block.o)
 .bss           0x00000000        0x0 C:/Program Files (x86)/Atmel/Studio/7.0/Packs/Atmel/ATmega_DFP/1.0.98/gcc/dev/atmega644p/avr5\libatmega644p.a(eerd_block.o)
 .text          0x00000000        0x0 C:/Program Files (x86)/Atmel/Studio/7.0/Packs/Atmel/ATmega_DFP/1.0.98/gcc/dev/atmega644p/avr5\libatmega644p.a(eeupd_byte.o)
 .data          0x00000000        0x0 C:/Program Files (x86)/Atmel/Studio/7.0/Packs/Atmel/ATmega_DFP/1.0.98/gcc/dev/atmega644p/avr5\libatmega644p.a(eeupd_byte.o)
 .bss           0x00000000        0x0 C:/Program Files (x86)/Atmel/Studio/7.0/Packs/Atmel/ATmega_DFP/1.0.98/gcc/dev/atmega644p/avr5\libatmega644p.a(eeupd_byte.o)
 .text          0x00000000        0x0 C:/Program Files (x86)/Atmel/Studio/7.0/Packs/Atmel/ATmega_DFP/1.0.98/gcc/dev/atmega644p/avr5\libatmega644p.a(eewr_block.o)
 .data          0x00000000        0x0 C:/Program Files (x86)/Atmel/Studio/7.0/Packs/Atmel/ATmega_DFP/1.0.98/gcc/dev/atmega644p/avr5\libatmega644p.a(eewr_block.o)
 .bss           0x00000000        0x0 C:/Program Files (x86)/Atmel/Studio/7.0/Packs/Atmel/ATmega_DFP/1.0.98/gcc/dev/atmega644p/avr5\libatmega644p.a(eewr_block.o)
 .text          0x00000000        0x0 C:/Program Files (x86)/Atmel/Studio/7.0/Packs/Atmel/ATmega_DFP/1.0.98/gcc/dev/atmega644p/avr5\libatmega644p.a(eewr_byte.o)
 .data          0x00000000        0x0 C:/Program Files (x86)/Atmel/Studio/7.0/Packs/Atmel/ATmega_DFP/1.0.98/gcc/dev/atmega644p/avr5\libatmega644p.a(eewr_byte.o)
 .bss           0x00000000        0x0 C:/Program Files (x86)/Atmel/Studio/7.0/Packs/Atmel/ATmega_DFP/1.0.98/gcc/dev/atmega644p/avr5\libatmega644p.a(eewr_byte.o)

Memory Configuration

Name             Origin             Length             Attributes
text             0x00000000         0x00020000         xr
data             0x00800060         0x0000ffa0         rw !x
eeprom           0x00810000         0x00010000         rw !x
fuse             0x00820000         0x00000400         rw !x
lock             0x00830000         0x00000400         rw !x
signature        0x00840000         0x00000400         rw !x
user_signatures  0x00850000         0x00000400         rw !x
*default*        0x00000000         0xffffffff

Linker script and memory map

Address of section .data set to 0x800100
LOAD C:/Program Files (x86)/Atmel/Studio/7.0/Packs/Atmel/ATmega_DFP/1.0.98/gcc/dev/atmega644p/avr5/crtatmega644p.o
LOAD inc/adc.o
LOAD inc/AtomTrace.o
LOAD inc/graphic.o
LOAD inc/module_ZM.o
LOAD inc/packet_processor.o
LOAD inc/t6963c.o
LOAD inc/timer.o
LOAD inc/Tribus.o
LOAD inc/uart_tri_0.o
LOAD inc/uart_tri_1.o
LOAD main.o
START GROUP
LOAD c:/program files (x86)/atmel/studio/7.0/toolchain/avr8/avr8-gnu-toolchain/bin/../lib/gcc/avr/4.9.2/../../../../avr/lib/avr5\libm.a
LOAD c:/program files (x86)/atmel/studio/7.0/toolchain/avr8/avr8-gnu-toolchain/bin/../lib/gcc/avr/4.9.2/../../../../avr/lib/avr5\libprintf_flt.a
END GROUP
START GROUP
LOAD c:/program files (x86)/atmel/studio/7.0/toolchain/avr8/avr8-gnu-toolchain/bin/../lib/gcc/avr/4.9.2/avr5\libgcc.a
LOAD c:/program files (x86)/atmel/studio/7.0/toolchain/avr8/avr8-gnu-toolchain/bin/../lib/gcc/avr/4.9.2/../../../../avr/lib/avr5\libm.a
LOAD c:/program files (x86)/atmel/studio/7.0/toolchain/avr8/avr8-gnu-toolchain/bin/../lib/gcc/avr/4.9.2/../../../../avr/lib/avr5\libc.a
LOAD C:/Program Files (x86)/Atmel/Studio/7.0/Packs/Atmel/ATmega_DFP/1.0.98/gcc/dev/atmega644p/avr5\libatmega644p.a
END GROUP

.hash
 *(.hash)

.dynsym
 *(.dynsym)

.dynstr
 *(.dynstr)

.gnu.version
 *(.gnu.version)

.gnu.version_d
 *(.gnu.version_d)

.gnu.version_r
 *(.gnu.version_r)

.rel.init
 *(.rel.init)

.rela.init
 *(.rela.init)

.rel.text
 *(.rel.text)
 *(.rel.text.*)
 *(.rel.gnu.linkonce.t*)

.rela.text
 *(.rela.text)
 *(.rela.text.*)
 *(.rela.gnu.linkonce.t*)

.rel.fini
 *(.rel.fini)

.rela.fini
 *(.rela.fini)

.rel.rodata
 *(.rel.rodata)
 *(.rel.rodata.*)
 *(.rel.gnu.linkonce.r*)

.rela.rodata
 *(.rela.rodata)
 *(.rela.rodata.*)
 *(.rela.gnu.linkonce.r*)

.rel.data
 *(.rel.data)
 *(.rel.data.*)
 *(.rel.gnu.linkonce.d*)

.rela.data
 *(.rela.data)
 *(.rela.data.*)
 *(.rela.gnu.linkonce.d*)

.rel.ctors
 *(.rel.ctors)

.rela.ctors
 *(.rela.ctors)

.rel.dtors
 *(.rel.dtors)

.rela.dtors
 *(.rela.dtors)

.rel.got
 *(.rel.got)

.rela.got
 *(.rela.got)

.rel.bss
 *(.rel.bss)

.rela.bss
 *(.rela.bss)

.rel.plt
 *(.rel.plt)

.rela.plt
 *(.rela.plt)

.text           0x00000000     0x212a
 *(.vectors)
 .vectors       0x00000000       0x7c C:/Program Files (x86)/Atmel/Studio/7.0/Packs/Atmel/ATmega_DFP/1.0.98/gcc/dev/atmega644p/avr5/crtatmega644p.o
                0x00000000                __vector_default
                0x00000000                __vectors
 *(.vectors)
 *(.progmem.gcc*)
 .progmem.gcc_sw_table.uart1_set_baud
                0x0000007c       0x16 inc/uart_tri_1.o
                0x00000092                . = ALIGN (0x2)
                0x00000092                __trampolines_start = .
 *(.trampolines)
 .trampolines   0x00000092        0x0 linker stubs
 *(.trampolines*)
                0x00000092                __trampolines_end = .
 *(.progmem*)
 .progmem.data  0x00000092        0x8 c:/program files (x86)/atmel/studio/7.0/toolchain/avr8/avr8-gnu-toolchain/bin/../lib/gcc/avr/4.9.2/../../../../avr/lib/avr5\libprintf_flt.a(vfprintf_flt.o)
 .progmem.data  0x0000009a       0xfa c:/program files (x86)/atmel/studio/7.0/toolchain/avr8/avr8-gnu-toolchain/bin/../lib/gcc/avr/4.9.2/../../../../avr/lib/avr5\libc.a(ftoa_engine.o)
                0x00000194                . = ALIGN (0x2)
 *(.jumptables)
 *(.jumptables*)
 *(.lowtext)
 *(.lowtext*)
                0x00000194                __ctors_start = .
 *(.ctors)
                0x00000194                __ctors_end = .
                0x00000194                __dtors_start = .
 *(.dtors)
                0x00000194                __dtors_end = .
 SORT(*)(.ctors)
 SORT(*)(.dtors)
 *(.init0)
 .init0         0x00000194        0x0 C:/Program Files (x86)/Atmel/Studio/7.0/Packs/Atmel/ATmega_DFP/1.0.98/gcc/dev/atmega644p/avr5/crtatmega644p.o
                0x00000194                __init
 *(.init0)
 *(.init1)
 *(.init1)
 *(.init2)
 .init2         0x00000194        0xc C:/Program Files (x86)/Atmel/Studio/7.0/Packs/Atmel/ATmega_DFP/1.0.98/gcc/dev/atmega644p/avr5/crtatmega644p.o
 *(.init2)
 *(.init3)
 *(.init3)
 *(.init4)
 .init4         0x000001a0       0x16 c:/program files (x86)/atmel/studio/7.0/toolchain/avr8/avr8-gnu-toolchain/bin/../lib/gcc/avr/4.9.2/avr5\libgcc.a(_copy_data.o)
                0x000001a0                __do_copy_data
 .init4         0x000001b6       0x10 c:/program files (x86)/atmel/studio/7.0/toolchain/avr8/avr8-gnu-toolchain/bin/../lib/gcc/avr/4.9.2/avr5\libgcc.a(_clear_bss.o)
                0x000001b6                __do_clear_bss
 *(.init4)
 *(.init5)
 *(.init5)
 *(.init6)
 *(.init6)
 *(.init7)
 *(.init7)
 *(.init8)
 *(.init8)
 *(.init9)
 .init9         0x000001c6        0x8 C:/Program Files (x86)/Atmel/Studio/7.0/Packs/Atmel/ATmega_DFP/1.0.98/gcc/dev/atmega644p/avr5/crtatmega644p.o
 *(.init9)
 *(.text)
 .text          0x000001ce        0x4 C:/Program Files (x86)/Atmel/Studio/7.0/Packs/Atmel/ATmega_DFP/1.0.98/gcc/dev/atmega644p/avr5/crtatmega644p.o
                0x000001ce                __vector_1
                0x000001ce                __vector_24
                0x000001ce                __vector_12
                0x000001ce                __bad_interrupt
                0x000001ce                __vector_6
                0x000001ce                __vector_3
                0x000001ce                __vector_23
                0x000001ce                __vector_25
                0x000001ce                __vector_11
                0x000001ce                __vector_13
                0x000001ce                __vector_19
                0x000001ce                __vector_7
                0x000001ce                __vector_27
                0x000001ce                __vector_5
                0x000001ce                __vector_4
                0x000001ce                __vector_9
                0x000001ce                __vector_2
                0x000001ce                __vector_21
                0x000001ce                __vector_15
                0x000001ce                __vector_29
                0x000001ce                __vector_8
                0x000001ce                __vector_26
                0x000001ce                __vector_14
                0x000001ce                __vector_10
                0x000001d2                . = ALIGN (0x2)
 *(.text.*)
 .text.adc_init
                0x000001d2       0x1e inc/adc.o
                0x000001d2                adc_init
 .text.adc_read
                0x000001f0       0x26 inc/adc.o
                0x000001f0                adc_read
 .text.Ddebug   0x00000216       0x30 inc/module_ZM.o
                0x00000216                Ddebug
 .text.modzm_parse
                0x00000246       0x84 inc/module_ZM.o
                0x00000246                modzm_parse
 .text.pp_processRequests
                0x000002ca       0x3a inc/packet_processor.o
                0x000002ca                pp_processRequests
 .text.pp_SendResponses
                0x00000304       0x16 inc/packet_processor.o
                0x00000304                pp_SendResponses
 .text.pp_receive_PC
                0x0000031a       0x3e inc/packet_processor.o
                0x0000031a                pp_receive_PC
 .text.pp_receive_own
                0x00000358       0x32 inc/packet_processor.o
                0x00000358                pp_receive_own
 .text.pp_receive_int
                0x0000038a       0x5a inc/packet_processor.o
                0x0000038a                pp_receive_int
 .text.pp_init  0x000003e4        0xa inc/packet_processor.o
                0x000003e4                pp_init
 .text.pp_loop  0x000003ee       0x16 inc/packet_processor.o
                0x000003ee                pp_loop
 .text.delay    0x00000404       0x28 inc/t6963c.o
                0x00000404                delay
 .text.GLCD_InitalizeInterface
                0x0000042c       0x10 inc/t6963c.o
                0x0000042c                GLCD_InitalizeInterface
 .text.GLCD_ChceckStatus
                0x0000043c       0x12 inc/t6963c.o
                0x0000043c                GLCD_ChceckStatus
 .text.GLCD_WriteCommand
                0x0000044e       0x1a inc/t6963c.o
                0x0000044e                GLCD_WriteCommand
 .text.GLCD_WriteData
                0x00000468       0x22 inc/t6963c.o
                0x00000468                GLCD_WriteData
 .text.GLCD_SetAddressPointer
                0x0000048a       0x18 inc/t6963c.o
                0x0000048a                GLCD_SetAddressPointer
 .text.GLCD_WriteDisplayData
                0x000004a2        0xc inc/t6963c.o
                0x000004a2                GLCD_WriteDisplayData
 .text.GLCD_ClearText
                0x000004ae       0x20 inc/t6963c.o
                0x000004ae                GLCD_ClearText
 .text.GLCD_ClearCG
                0x000004ce       0x20 inc/t6963c.o
                0x000004ce                GLCD_ClearCG
 .text.GLCD_ClearGraphic
                0x000004ee       0x20 inc/t6963c.o
                0x000004ee                GLCD_ClearGraphic
 .text.GLCD_GraphicGoTo
                0x0000050e       0x1c inc/t6963c.o
                0x0000050e                GLCD_GraphicGoTo
 .text.GLCD_Bitmap
                0x0000052a       0x86 inc/t6963c.o
                0x0000052a                GLCD_Bitmap
 .text.GLCD_Initalize
                0x000005b0       0x7e inc/t6963c.o
                0x000005b0                GLCD_Initalize
 .text.timer_init
                0x0000062e       0x1c inc/timer.o
                0x0000062e                timer_init
 .text.TB_calcSum
                0x0000064a       0x1a inc/Tribus.o
                0x0000064a                TB_calcSum
 .text.TB_Init  0x00000664       0x6a inc/Tribus.o
                0x00000664                TB_Init
 .text.TB_SendAck
                0x000006ce       0x2c inc/Tribus.o
                0x000006ce                TB_SendAck
 .text.TB_Decode
                0x000006fa      0x5d6 inc/Tribus.o
                0x000006fa                TB_Decode
 .text.TB_SendAckOK
                0x00000cd0        0xe inc/Tribus.o
                0x00000cd0                TB_SendAckOK
 .text.uart_get_char
                0x00000cde       0x18 inc/uart_tri_0.o
                0x00000cde                uart_get_char
 .text.uart_receive_char
                0x00000cf6       0x18 inc/uart_tri_0.o
                0x00000cf6                uart_receive_char
 .text.uart_send_char
                0x00000d0e       0x16 inc/uart_tri_0.o
                0x00000d0e                uart_send_char
 .text.uart_send
                0x00000d24       0x20 inc/uart_tri_0.o
                0x00000d24                uart_send
 .text.uart_interrupt_rx
                0x00000d44       0x1c inc/uart_tri_0.o
                0x00000d44                uart_interrupt_rx
 .text.uart_interrupt_tx
                0x00000d60       0x1c inc/uart_tri_0.o
                0x00000d60                uart_interrupt_tx
 .text.__vector_20
                0x00000d7c       0x60 inc/uart_tri_0.o
                0x00000d7c                __vector_20
 .text.__vector_22
                0x00000ddc       0x68 inc/uart_tri_0.o
                0x00000ddc                __vector_22
 .text.uart0_init
                0x00000e44       0x22 inc/uart_tri_0.o
                0x00000e44                uart0_init
 .text.uart0_process
                0x00000e66      0x12e inc/uart_tri_0.o
                0x00000e66                uart0_process
 .text.uart0_ISR_timer
                0x00000f94       0x30 inc/uart_tri_0.o
                0x00000f94                uart0_ISR_timer
 .text.uart0_get_data_begin
                0x00000fc4       0x22 inc/uart_tri_0.o
                0x00000fc4                uart0_get_data_begin
 .text.uart0_get_data_end
                0x00000fe6       0x22 inc/uart_tri_0.o
                0x00000fe6                uart0_get_data_end
 .text.uart0_put_data
                0x00001008       0x4e inc/uart_tri_0.o
                0x00001008                uart0_put_data
 .text.uart1_rx_size
                0x00001056        0xe inc/uart_tri_1.o
                0x00001056                uart1_rx_size
 .text.uart1_get_char
                0x00001064       0x32 inc/uart_tri_1.o
                0x00001064                uart1_get_char
 .text.uart1_receive_char
                0x00001096       0x3e inc/uart_tri_1.o
                0x00001096                uart1_receive_char
 .text.uart1_send_char
                0x000010d4       0x2e inc/uart_tri_1.o
                0x000010d4                uart1_send_char
 .text.uart1_send
                0x00001102       0x2c inc/uart_tri_1.o
                0x00001102                uart1_send
 .text.uart1_interrupt_rx
                0x0000112e       0x1c inc/uart_tri_1.o
                0x0000112e                uart1_interrupt_rx
 .text.uart1_interrupt_tx
                0x0000114a       0x1c inc/uart_tri_1.o
                0x0000114a                uart1_interrupt_tx
 .text.__vector_28
                0x00001166       0x60 inc/uart_tri_1.o
                0x00001166                __vector_28
 .text.__vector_30
                0x000011c6       0x84 inc/uart_tri_1.o
                0x000011c6                __vector_30
 .text.uart1_init
                0x0000124a       0x22 inc/uart_tri_1.o
                0x0000124a                uart1_init
 .text.uart1_process
                0x0000126c      0x158 inc/uart_tri_1.o
                0x0000126c                uart1_process
 .text.uart1_ISR_timer
                0x000013c4       0x42 inc/uart_tri_1.o
                0x000013c4                uart1_ISR_timer
 .text.uart1_get_data_begin
                0x00001406       0x3a inc/uart_tri_1.o
                0x00001406                uart1_get_data_begin
 .text.uart1_get_data_end
                0x00001440       0x22 inc/uart_tri_1.o
                0x00001440                uart1_get_data_end
 .text.uart1_put_data
                0x00001462       0x88 inc/uart_tri_1.o
                0x00001462                uart1_put_data
 .text.uart1_set_baud
                0x000014ea       0x70 inc/uart_tri_1.o
                0x000014ea                uart1_set_baud
 .text.__vector_16
                0x0000155a       0x1e main.o
                0x0000155a                __vector_16
 .text.__vector_17
                0x00001578       0x1e main.o
                0x00001578                __vector_17
 .text.__vector_18
                0x00001596       0x1e main.o
                0x00001596                __vector_18
 .text.process_timer_100Hz
                0x000015b4       0x16 main.o
                0x000015b4                process_timer_100Hz
 .text.init     0x000015ca       0x30 main.o
                0x000015ca                init
 .text.main     0x000015fa       0x3e main.o
                0x000015fa                main
 .text.avr-libc
                0x00001638      0x6f8 c:/program files (x86)/atmel/studio/7.0/toolchain/avr8/avr8-gnu-toolchain/bin/../lib/gcc/avr/4.9.2/../../../../avr/lib/avr5\libprintf_flt.a(vfprintf_flt.o)
                0x00001638                vfprintf
 .text.libgcc   0x00001d30        0xc c:/program files (x86)/atmel/studio/7.0/toolchain/avr8/avr8-gnu-toolchain/bin/../lib/gcc/avr/4.9.2/avr5\libgcc.a(_tablejump2.o)
                0x00001d30                __tablejump2__
 .text.libgcc.prologue
                0x00001d3c       0x38 c:/program files (x86)/atmel/studio/7.0/toolchain/avr8/avr8-gnu-toolchain/bin/../lib/gcc/avr/4.9.2/avr5\libgcc.a(_prologue.o)
                0x00001d3c                __prologue_saves__
 .text.libgcc.prologue
                0x00001d74       0x36 c:/program files (x86)/atmel/studio/7.0/toolchain/avr8/avr8-gnu-toolchain/bin/../lib/gcc/avr/4.9.2/avr5\libgcc.a(_epilogue.o)
                0x00001d74                __epilogue_restores__
 .text.avr-libc
                0x00001daa      0x1b0 c:/program files (x86)/atmel/studio/7.0/toolchain/avr8/avr8-gnu-toolchain/bin/../lib/gcc/avr/4.9.2/../../../../avr/lib/avr5\libc.a(ftoa_engine.o)
                0x00001daa                __ftoa_engine
 .text.avr-libc
                0x00001f5a       0x16 c:/program files (x86)/atmel/studio/7.0/toolchain/avr8/avr8-gnu-toolchain/bin/../lib/gcc/avr/4.9.2/../../../../avr/lib/avr5\libc.a(strnlen_P.o)
                0x00001f5a                strnlen_P
 .text.avr-libc
                0x00001f70       0x16 c:/program files (x86)/atmel/studio/7.0/toolchain/avr8/avr8-gnu-toolchain/bin/../lib/gcc/avr/4.9.2/../../../../avr/lib/avr5\libc.a(strnlen.o)
                0x00001f70                strnlen
 .text.avr-libc
                0x00001f86       0x70 c:/program files (x86)/atmel/studio/7.0/toolchain/avr8/avr8-gnu-toolchain/bin/../lib/gcc/avr/4.9.2/../../../../avr/lib/avr5\libc.a(fputc.o)
                0x00001f86                fputc
 .text.avr-libc
                0x00001ff6       0xbc c:/program files (x86)/atmel/studio/7.0/toolchain/avr8/avr8-gnu-toolchain/bin/../lib/gcc/avr/4.9.2/../../../../avr/lib/avr5\libc.a(ultoa_invert.o)
                0x00001ff6                __ultoa_invert
 .text.avr-libc
                0x000020b2       0x20 C:/Program Files (x86)/Atmel/Studio/7.0/Packs/Atmel/ATmega_DFP/1.0.98/gcc/dev/atmega644p/avr5\libatmega644p.a(eerd_block.o)
                0x000020b2                eeprom_read_block
                0x000020b6                eeprom_read_blraw
 .text.avr-libc
                0x000020d2       0x24 C:/Program Files (x86)/Atmel/Studio/7.0/Packs/Atmel/ATmega_DFP/1.0.98/gcc/dev/atmega644p/avr5\libatmega644p.a(eeupd_byte.o)
                0x000020d2                eeprom_update_byte
                0x000020d4                eeprom_update_r18
 .text.avr-libc
                0x000020f6       0x14 C:/Program Files (x86)/Atmel/Studio/7.0/Packs/Atmel/ATmega_DFP/1.0.98/gcc/dev/atmega644p/avr5\libatmega644p.a(eewr_block.o)
                0x000020f6                eeprom_write_block
 .text.avr-libc
                0x0000210a       0x1c C:/Program Files (x86)/Atmel/Studio/7.0/Packs/Atmel/ATmega_DFP/1.0.98/gcc/dev/atmega644p/avr5\libatmega644p.a(eewr_byte.o)
                0x0000210a                eeprom_write_byte
                0x0000210c                eeprom_write_r18
                0x00002126                . = ALIGN (0x2)
 *(.fini9)
 .fini9         0x00002126        0x0 c:/program files (x86)/atmel/studio/7.0/toolchain/avr8/avr8-gnu-toolchain/bin/../lib/gcc/avr/4.9.2/avr5\libgcc.a(_exit.o)
                0x00002126                _exit
                0x00002126                exit
 *(.fini9)
 *(.fini8)
 *(.fini8)
 *(.fini7)
 *(.fini7)
 *(.fini6)
 *(.fini6)
 *(.fini5)
 *(.fini5)
 *(.fini4)
 *(.fini4)
 *(.fini3)
 *(.fini3)
 *(.fini2)
 *(.fini2)
 *(.fini1)
 *(.fini1)
 *(.fini0)
 .fini0         0x00002126        0x4 c:/program files (x86)/atmel/studio/7.0/toolchain/avr8/avr8-gnu-toolchain/bin/../lib/gcc/avr/4.9.2/avr5\libgcc.a(_exit.o)
 *(.fini0)
                0x0000212a                _etext = .

.data           0x00800100      0x300 load address 0x0000212a
                0x00800100                PROVIDE (__data_start, .)
 *(.data)
 *(.data*)
 *(.rodata)
 *(.rodata*)
 .rodata.NewBitmap
                0x00800100      0x300 main.o
                0x00800100                NewBitmap
 *(.gnu.linkonce.d*)
                0x00800400                . = ALIGN (0x2)
                0x00800400                _edata = .
                0x00800400                PROVIDE (__data_end, .)

.bss            0x00800400      0x495
                0x00800400                PROVIDE (__bss_start, .)
 *(.bss)
 *(.bss*)
 .bss.Dcount    0x00800400        0x1 inc/packet_processor.o
                0x00800400                Dcount
 .bss.TB_Callback_setBaud
                0x00800401        0x2 inc/Tribus.o
                0x00800401                TB_Callback_setBaud
 .bss.TB_send_flag
                0x00800403        0x1 inc/Tribus.o
                0x00800403                TB_send_flag
 .bss.uart0_rx_timeout_flag.1635
                0x00800404        0x1 inc/uart_tri_0.o
 .bss.uart0_flags
                0x00800405        0x1 inc/uart_tri_0.o
                0x00800405                uart0_flags
 .bss.uart0_status
                0x00800406        0x1 inc/uart_tri_0.o
                0x00800406                uart0_status
 .bss.uart0_rx_timeout
                0x00800407        0x1 inc/uart_tri_0.o
                0x00800407                uart0_rx_timeout
 .bss.uart0_buf_pac_rx_ptr_e
                0x00800408        0x1 inc/uart_tri_0.o
                0x00800408                uart0_buf_pac_rx_ptr_e
 .bss.uart0_buf_pac_rx_ptr_b
                0x00800409        0x1 inc/uart_tri_0.o
                0x00800409                uart0_buf_pac_rx_ptr_b
 .bss.uart0_buf_pac_tx_ptr_e
                0x0080040a        0x1 inc/uart_tri_0.o
                0x0080040a                uart0_buf_pac_tx_ptr_e
 .bss.uart0_buf_pac_tx_ptr_b
                0x0080040b        0x1 inc/uart_tri_0.o
                0x0080040b                uart0_buf_pac_tx_ptr_b
 .bss.uart0_buf_tx_ptr
                0x0080040c        0x1 inc/uart_tri_0.o
                0x0080040c                uart0_buf_tx_ptr
 .bss.uart0_buf_rx_ptr_e
                0x0080040d        0x1 inc/uart_tri_0.o
                0x0080040d                uart0_buf_rx_ptr_e
 .bss.uart0_buf_rx_ptr_b
                0x0080040e        0x1 inc/uart_tri_0.o
                0x0080040e                uart0_buf_rx_ptr_b
 .bss.uart1_flags_buferr
                0x0080040f        0x1 inc/uart_tri_1.o
                0x0080040f                uart1_flags_buferr
 .bss.uart1_flags
                0x00800410        0x1 inc/uart_tri_1.o
                0x00800410                uart1_flags
 .bss.uart1_status
                0x00800411        0x1 inc/uart_tri_1.o
                0x00800411                uart1_status
 .bss.uart1_tx_timeout
                0x00800412        0x1 inc/uart_tri_1.o
                0x00800412                uart1_tx_timeout
 .bss.uart1_rx_timeout
                0x00800413        0x1 inc/uart_tri_1.o
                0x00800413                uart1_rx_timeout
 .bss.uart1_buf_pac_rx_ptr_e
                0x00800414        0x1 inc/uart_tri_1.o
                0x00800414                uart1_buf_pac_rx_ptr_e
 .bss.uart1_buf_pac_rx_ptr_b
                0x00800415        0x1 inc/uart_tri_1.o
                0x00800415                uart1_buf_pac_rx_ptr_b
 .bss.uart1_buf_pac_tx_ptr_e
                0x00800416        0x1 inc/uart_tri_1.o
                0x00800416                uart1_buf_pac_tx_ptr_e
 .bss.uart1_buf_pac_tx_ptr_b
                0x00800417        0x1 inc/uart_tri_1.o
                0x00800417                uart1_buf_pac_tx_ptr_b
 .bss.uart1_buf_tx_ptr
                0x00800418        0x1 inc/uart_tri_1.o
                0x00800418                uart1_buf_tx_ptr
 .bss.uart1_buf_rx_ptr_e
                0x00800419        0x1 inc/uart_tri_1.o
                0x00800419                uart1_buf_rx_ptr_e
 .bss.uart1_buf_rx_ptr_b
                0x0080041a        0x1 inc/uart_tri_1.o
                0x0080041a                uart1_buf_rx_ptr_b
 .bss.timer0_flag
                0x0080041b        0x1 main.o
                0x0080041b                timer0_flag
 *(COMMON)
 COMMON         0x0080041c        0x2 inc/adc.o
                0x0080041c                adc_data
 COMMON         0x0080041e        0x9 inc/module_ZM.o
                0x0080041e                debug_buf
 COMMON         0x00800427       0x1d inc/packet_processor.o
                0x00800427                pp_buf_dev
                0x00800430                pp_f_fromdev
                0x00800431                CheckModules_Buf
                0x0080043a                pp_buf_pc
                0x00800443                pp_f_frompc
 COMMON         0x00800444       0x3f inc/Tribus.o
                0x00800444                Pocet
                0x00800445                TB_out
                0x00800446                TB_param
                0x00800463                TB_Value
                0x00800467                TB_bufOut
                0x00800470                TB_gbparam
                0x00800475                TB_inp
                0x00800476                TB_AddrModule
                0x00800477                TB_bufIn
                0x00800480                addr_setting_in_eeprom
                0x00800482                TB_AddrReply
 COMMON         0x00800483      0x2c9 inc/uart_tri_0.o
                0x00800483                uart0_buf_tx
                0x0080048c                uart0_buf_pac_rx
                0x008005ac                uart0_buf_rx
                0x0080062c                uart0_buf_pac_tx
 COMMON         0x0080074c      0x149 inc/uart_tri_1.o
                0x0080074c                uart1_buf_tx
                0x00800755                uart1_buf_pac_tx
                0x008007e5                uart1_buf_pac_rx
                0x00800875                uart1_buf_rx
                0x00800895                PROVIDE (__bss_end, .)
                0x0000212a                __data_load_start = LOADADDR (.data)
                0x0000242a                __data_load_end = (__data_load_start + SIZEOF (.data))

.noinit         0x00800895        0x0
                0x00800895                PROVIDE (__noinit_start, .)
 *(.noinit*)
                0x00800895                PROVIDE (__noinit_end, .)
                0x00800895                _end = .
                0x00800895                PROVIDE (__heap_start, .)

.eeprom         0x00810000        0x0
 *(.eeprom*)
                0x00810000                __eeprom_end = .

.fuse
 *(.fuse)
 *(.lfuse)
 *(.hfuse)
 *(.efuse)

.lock
 *(.lock*)

.signature
 *(.signature*)

.user_signatures
 *(.user_signatures*)

.stab
 *(.stab)

.stabstr
 *(.stabstr)

.stab.excl
 *(.stab.excl)

.stab.exclstr
 *(.stab.exclstr)

.stab.index
 *(.stab.index)

.stab.indexstr
 *(.stab.indexstr)

.comment        0x00000000       0x5c
 *(.comment)
 .comment       0x00000000       0x30 inc/adc.o
                                 0x31 (size before relaxing)
 .comment       0x00000030       0x31 inc/module_ZM.o
 .comment       0x00000030       0x31 inc/packet_processor.o
 .comment       0x00000030       0x31 inc/t6963c.o
 .comment       0x00000030       0x31 inc/timer.o
 .comment       0x00000030       0x31 inc/Tribus.o
 .comment       0x00000030       0x31 inc/uart_tri_0.o
 .comment       0x00000030       0x31 inc/uart_tri_1.o
 .comment       0x00000030       0x31 main.o
 .comment       0x00000030       0x2c c:/program files (x86)/atmel/studio/7.0/toolchain/avr8/avr8-gnu-toolchain/bin/../lib/gcc/avr/4.9.2/../../../../avr/lib/avr5\libprintf_flt.a(vfprintf_flt.o)
                                 0x2d (size before relaxing)
 .comment       0x0000005c       0x31 c:/program files (x86)/atmel/studio/7.0/toolchain/avr8/avr8-gnu-toolchain/bin/../lib/gcc/avr/4.9.2/../../../../avr/lib/avr5\libc.a(fputc.o)

.note.gnu.avr.deviceinfo
                0x00000000       0x40
 .note.gnu.avr.deviceinfo
                0x00000000       0x40 C:/Program Files (x86)/Atmel/Studio/7.0/Packs/Atmel/ATmega_DFP/1.0.98/gcc/dev/atmega644p/avr5/crtatmega644p.o

.note.gnu.build-id
 *(.note.gnu.build-id)

.debug
 *(.debug)

.line
 *(.line)

.debug_srcinfo
 *(.debug_srcinfo)

.debug_sfnames
 *(.debug_sfnames)

.debug_aranges  0x00000000      0x368
 *(.debug_aranges)
 .debug_aranges
                0x00000000       0x38 inc/adc.o
 .debug_aranges
                0x00000038       0x28 inc/module_ZM.o
 .debug_aranges
                0x00000060       0x50 inc/packet_processor.o
 .debug_aranges
                0x000000b0       0xc0 inc/t6963c.o
 .debug_aranges
                0x00000170       0x20 inc/timer.o
 .debug_aranges
                0x00000190       0x60 inc/Tribus.o
 .debug_aranges
                0x000001f0       0x90 inc/uart_tri_0.o
 .debug_aranges
                0x00000280       0x98 inc/uart_tri_1.o
 .debug_aranges
                0x00000318       0x50 main.o

.debug_pubnames
 *(.debug_pubnames)

.debug_info     0x00000000     0x3273
 *(.debug_info .gnu.linkonce.wi.*)
 .debug_info    0x00000000      0x185 inc/adc.o
 .debug_info    0x00000185      0x312 inc/module_ZM.o
 .debug_info    0x00000497      0x4dd inc/packet_processor.o
 .debug_info    0x00000974      0x953 inc/t6963c.o
 .debug_info    0x000012c7       0x83 inc/timer.o
 .debug_info    0x0000134a      0xb5c inc/Tribus.o
 .debug_info    0x00001ea6      0x6b9 inc/uart_tri_0.o
 .debug_info    0x0000255f      0x7f1 inc/uart_tri_1.o
 .debug_info    0x00002d50      0x523 main.o

.debug_abbrev   0x00000000      0xfd1
 *(.debug_abbrev)
 .debug_abbrev  0x00000000       0xfc inc/adc.o
 .debug_abbrev  0x000000fc      0x15e inc/module_ZM.o
 .debug_abbrev  0x0000025a      0x190 inc/packet_processor.o
 .debug_abbrev  0x000003ea      0x245 inc/t6963c.o
 .debug_abbrev  0x0000062f       0x51 inc/timer.o
 .debug_abbrev  0x00000680      0x2a7 inc/Tribus.o
 .debug_abbrev  0x00000927      0x24f inc/uart_tri_0.o
 .debug_abbrev  0x00000b76      0x270 inc/uart_tri_1.o
 .debug_abbrev  0x00000de6      0x1eb main.o

.debug_line     0x00000000     0x11cd
 *(.debug_line .debug_line.* .debug_line_end)
 .debug_line    0x00000000      0x158 inc/adc.o
 .debug_line    0x00000158       0xca inc/module_ZM.o
 .debug_line    0x00000222      0x1c1 inc/packet_processor.o
 .debug_line    0x000003e3      0x31e inc/t6963c.o
 .debug_line    0x00000701       0xa2 inc/timer.o
 .debug_line    0x000007a3      0x361 inc/Tribus.o
 .debug_line    0x00000b04      0x258 inc/uart_tri_0.o
 .debug_line    0x00000d5c      0x2ae inc/uart_tri_1.o
 .debug_line    0x0000100a      0x1c3 main.o

.debug_frame    0x00000000      0x8b0
 *(.debug_frame)
 .debug_frame   0x00000000       0x54 inc/adc.o
 .debug_frame   0x00000054       0x34 inc/module_ZM.o
 .debug_frame   0x00000088       0x84 inc/packet_processor.o
 .debug_frame   0x0000010c      0x254 inc/t6963c.o
 .debug_frame   0x00000360       0x24 inc/timer.o
 .debug_frame   0x00000384       0xe0 inc/Tribus.o
 .debug_frame   0x00000464      0x1b8 inc/uart_tri_0.o
 .debug_frame   0x0000061c      0x1e0 inc/uart_tri_1.o
 .debug_frame   0x000007fc       0xb4 main.o

.debug_str      0x00000000      0xd47
 *(.debug_str)
 .debug_str     0x00000000      0x1b4 inc/adc.o
                                0x1ed (size before relaxing)
 .debug_str     0x000001b4       0xb5 inc/module_ZM.o
                                0x223 (size before relaxing)
 .debug_str     0x00000269      0x19a inc/packet_processor.o
                                0x34e (size before relaxing)
 .debug_str     0x00000403      0x1c6 inc/t6963c.o
                                0x372 (size before relaxing)
 .debug_str     0x000005c9       0x1a inc/timer.o
                                0x16f (size before relaxing)
 .debug_str     0x000005e3      0x1c7 inc/Tribus.o
                                0x3ab (size before relaxing)
 .debug_str     0x000007aa      0x20c inc/uart_tri_0.o
                                0x427 (size before relaxing)
 .debug_str     0x000009b6      0x2c5 inc/uart_tri_1.o
                                0x516 (size before relaxing)
 .debug_str     0x00000c7b       0xcc main.o
                                0x332 (size before relaxing)

.debug_loc      0x00000000     0x1dde
 *(.debug_loc)
 .debug_loc     0x00000000       0x21 inc/adc.o
 .debug_loc     0x00000021      0x188 inc/packet_processor.o
 .debug_loc     0x000001a9      0xbde inc/t6963c.o
 .debug_loc     0x00000d87      0x370 inc/Tribus.o
 .debug_loc     0x000010f7      0x5af inc/uart_tri_0.o
 .debug_loc     0x000016a6      0x644 inc/uart_tri_1.o
 .debug_loc     0x00001cea       0xf4 main.o

.debug_macinfo
 *(.debug_macinfo)

.debug_weaknames
 *(.debug_weaknames)

.debug_funcnames
 *(.debug_funcnames)

.debug_typenames
 *(.debug_typenames)

.debug_varnames
 *(.debug_varnames)

.debug_pubtypes
 *(.debug_pubtypes)

.debug_ranges   0x00000000      0x368
 *(.debug_ranges)
 .debug_ranges  0x00000000       0x28 inc/adc.o
 .debug_ranges  0x00000028       0x18 inc/module_ZM.o
 .debug_ranges  0x00000040       0x40 inc/packet_processor.o
 .debug_ranges  0x00000080       0xc8 inc/t6963c.o
 .debug_ranges  0x00000148       0x10 inc/timer.o
 .debug_ranges  0x00000158       0xc8 inc/Tribus.o
 .debug_ranges  0x00000220       0x80 inc/uart_tri_0.o
 .debug_ranges  0x000002a0       0x88 inc/uart_tri_1.o
 .debug_ranges  0x00000328       0x40 main.o

.debug_macro
 *(.debug_macro)
OUTPUT(RidiciJednotka.elf elf32-avr)
LOAD linker stubs
